2026-02-15T07:42:48.2801322Z Current runner version: '2.331.0'
2026-02-15T07:42:48.2834169Z ##[group]Runner Image Provisioner
2026-02-15T07:42:48.2835325Z Hosted Compute Agent
2026-02-15T07:42:48.2836340Z Version: 20260123.484
2026-02-15T07:42:48.2837355Z Commit: 6bd6555ca37d84114959e1c76d2c01448ff61c5d
2026-02-15T07:42:48.2838433Z Build Date: 2026-01-23T19:41:17Z
2026-02-15T07:42:48.2839562Z Worker ID: {4f5763cd-0738-4aa4-8da8-e3753993aa56}
2026-02-15T07:42:48.2840617Z Azure Region: eastus2
2026-02-15T07:42:48.2841495Z ##[endgroup]
2026-02-15T07:42:48.2844372Z ##[group]Operating System
2026-02-15T07:42:48.2845533Z Ubuntu
2026-02-15T07:42:48.2846238Z 24.04.3
2026-02-15T07:42:48.2847017Z LTS
2026-02-15T07:42:48.2847745Z ##[endgroup]
2026-02-15T07:42:48.2848564Z ##[group]Runner Image
2026-02-15T07:42:48.2850035Z Image: ubuntu-24.04
2026-02-15T07:42:48.2850923Z Version: 20260209.23.1
2026-02-15T07:42:48.2853180Z Included Software: https://github.com/actions/runner-images/blob/ubuntu24/20260209.23/images/ubuntu/Ubuntu2404-Readme.md
2026-02-15T07:42:48.2855695Z Image Release: https://github.com/actions/runner-images/releases/tag/ubuntu24%2F20260209.23
2026-02-15T07:42:48.2857195Z ##[endgroup]
2026-02-15T07:42:48.2858980Z ##[group]GITHUB_TOKEN Permissions
2026-02-15T07:42:48.2861839Z Contents: read
2026-02-15T07:42:48.2863081Z Metadata: read
2026-02-15T07:42:48.2863845Z Pages: write
2026-02-15T07:42:48.2864606Z ##[endgroup]
2026-02-15T07:42:48.2867598Z Secret source: Actions
2026-02-15T07:42:48.2868977Z Prepare workflow directory
2026-02-15T07:42:48.3452021Z Prepare all required actions
2026-02-15T07:42:48.3508922Z Getting action download info
2026-02-15T07:42:48.7864256Z Download action repository 'actions/checkout@v4' (SHA:34e114876b0b11c390a56381ad16ebd13914f8d5)
2026-02-15T07:42:48.9624678Z Download action repository 'actions/configure-pages@v5' (SHA:983d7736d9b0ae728b81ab479565c72886d7745b)
2026-02-15T07:42:49.2962968Z Download action repository 'actions/upload-pages-artifact@v3' (SHA:56afc609e74202658d3ffba0e8f6dda462b719fa)
2026-02-15T07:42:49.5901007Z Getting action download info
2026-02-15T07:42:49.7110527Z Download action repository 'actions/upload-artifact@v4' (SHA:ea165f8d65b6e75b540449e92b4886f43607fa02)
2026-02-15T07:42:49.8671364Z Complete job name: build
2026-02-15T07:42:49.9419786Z ##[group]Run # Try to download Hugo with retries
2026-02-15T07:42:49.9421071Z [36;1m# Try to download Hugo with retries[0m
2026-02-15T07:42:49.9422065Z [36;1mMAX_RETRIES=3[0m
2026-02-15T07:42:49.9422988Z [36;1mRETRY_COUNT=0[0m
2026-02-15T07:42:49.9423882Z [36;1mwhile [ $RETRY_COUNT -lt $MAX_RETRIES ]; do[0m
2026-02-15T07:42:49.9426564Z [36;1m  if wget -O /home/runner/work/_temp/hugo.deb https://github.com/gohugoio/hugo/releases/download/v${HUGO_VERSION}/hugo_extended_${HUGO_VERSION}_linux-amd64.deb; then[0m
2026-02-15T07:42:49.9429048Z [36;1m    break[0m
2026-02-15T07:42:49.9429704Z [36;1m  fi[0m
2026-02-15T07:42:49.9430425Z [36;1m  RETRY_COUNT=$((RETRY_COUNT + 1))[0m
2026-02-15T07:42:49.9431520Z [36;1m  if [ $RETRY_COUNT -lt $MAX_RETRIES ]; then[0m
2026-02-15T07:42:49.9433386Z [36;1m    echo "⚠️ Download failed, retrying in 5 seconds... (attempt $RETRY_COUNT/$MAX_RETRIES)"[0m
2026-02-15T07:42:49.9434913Z [36;1m    sleep 5[0m
2026-02-15T07:42:49.9435651Z [36;1m  else[0m
2026-02-15T07:42:49.9436625Z [36;1m    echo "❌ Failed to download Hugo after $MAX_RETRIES attempts"[0m
2026-02-15T07:42:49.9438142Z [36;1m    echo "Trying alternative: installing Hugo via snap..."[0m
2026-02-15T07:42:49.9439544Z [36;1m    sudo snap install hugo --channel=extended/stable[0m
2026-02-15T07:42:49.9440643Z [36;1m    exit 0[0m
2026-02-15T07:42:49.9441319Z [36;1m  fi[0m
2026-02-15T07:42:49.9441935Z [36;1mdone[0m
2026-02-15T07:42:49.9443011Z [36;1mif [ -f /home/runner/work/_temp/hugo.deb ]; then[0m
2026-02-15T07:42:49.9444582Z [36;1m  sudo dpkg -i /home/runner/work/_temp/hugo.deb || sudo apt-get install -f -y[0m
2026-02-15T07:42:49.9445973Z [36;1mfi[0m
2026-02-15T07:42:49.9501016Z shell: /usr/bin/bash --noprofile --norc -e -o pipefail {0}
2026-02-15T07:42:49.9502966Z env:
2026-02-15T07:42:49.9503688Z   HUGO_VERSION: 0.155.2
2026-02-15T07:42:49.9504430Z ##[endgroup]
2026-02-15T07:42:49.9878962Z --2026-02-15 07:42:49--  https://github.com/gohugoio/hugo/releases/download/v0.155.2/hugo_extended_0.155.2_linux-amd64.deb
2026-02-15T07:42:50.0120958Z Resolving github.com (github.com)... 140.82.114.4
2026-02-15T07:42:50.0173939Z Connecting to github.com (github.com)|140.82.114.4|:443... connected.
2026-02-15T07:42:50.0939233Z HTTP request sent, awaiting response... 302 Found
2026-02-15T07:42:50.0961958Z Location: https://release-assets.githubusercontent.com/github-production-release-asset/11180687/e109fced-e95b-4b0e-ab84-d9141b10c731?sp=r&sv=2018-11-09&sr=b&spr=https&se=2026-02-15T08%3A34%3A46Z&rscd=attachment%3B+filename%3Dhugo_extended_0.155.2_linux-amd64.deb&rsct=application%2Foctet-stream&skoid=96c2d410-5711-43a1-aedd-ab1947aa7ab0&sktid=398a6654-997b-47e9-b12b-9515b896b4de&skt=2026-02-15T07%3A34%3A16Z&ske=2026-02-15T08%3A34%3A46Z&sks=b&skv=2018-11-09&sig=7gFPBkasIQZRk9ovoNdnDthgGXZaWDSkvhctbskvUE0%3D&jwt=*** [following]
2026-02-15T07:42:50.0985058Z --2026-02-15 07:42:50--  https://release-assets.githubusercontent.com/github-production-release-asset/11180687/e109fced-e95b-4b0e-ab84-d9141b10c731?sp=r&sv=2018-11-09&sr=b&spr=https&se=2026-02-15T08%3A34%3A46Z&rscd=attachment%3B+filename%3Dhugo_extended_0.155.2_linux-amd64.deb&rsct=application%2Foctet-stream&skoid=96c2d410-5711-43a1-aedd-ab1947aa7ab0&sktid=398a6654-997b-47e9-b12b-9515b896b4de&skt=2026-02-15T07%3A34%3A16Z&ske=2026-02-15T08%3A34%3A46Z&sks=b&skv=2018-11-09&sig=7gFPBkasIQZRk9ovoNdnDthgGXZaWDSkvhctbskvUE0%3D&jwt=***
2026-02-15T07:42:50.0993506Z Resolving release-assets.githubusercontent.com (release-assets.githubusercontent.com)... 185.199.111.133, 185.199.108.133, 185.199.109.133, ...
2026-02-15T07:42:50.1014366Z Connecting to release-assets.githubusercontent.com (release-assets.githubusercontent.com)|185.199.111.133|:443... connected.
2026-02-15T07:42:50.1213370Z HTTP request sent, awaiting response... 200 OK
2026-02-15T07:42:50.1214964Z Length: 20625590 (20M) [application/octet-stream]
2026-02-15T07:42:50.1216563Z Saving to: ‘/home/runner/work/_temp/hugo.deb’
2026-02-15T07:42:50.1219749Z 
2026-02-15T07:42:50.1273380Z      0K .......... .......... .......... .......... ..........  0% 8.36M 2s
2026-02-15T07:42:50.1287777Z     50K .......... .......... .......... .......... ..........  0% 32.0M 1s
2026-02-15T07:42:50.1330481Z    100K .......... .......... .......... .......... ..........  0% 11.6M 2s
2026-02-15T07:42:50.1339498Z    150K .......... .......... .......... .......... ..........  0% 52.8M 1s
2026-02-15T07:42:50.1341393Z    200K .......... .......... .......... .......... ..........  1%  222M 1s
2026-02-15T07:42:50.1382370Z    250K .......... .......... .......... .......... ..........  1% 15.1M 1s
2026-02-15T07:42:50.1385299Z    300K .......... .......... .......... .......... ..........  1% 46.5M 1s
2026-02-15T07:42:50.1387186Z    350K .......... .......... .......... .......... ..........  1%  193M 1s
2026-02-15T07:42:50.1393275Z    400K .......... .......... .......... .......... ..........  2% 79.1M 1s
2026-02-15T07:42:50.1397815Z    450K .......... .......... .......... .......... ..........  2%  105M 1s
2026-02-15T07:42:50.1403210Z    500K .......... .......... .......... .......... ..........  2% 93.7M 1s
2026-02-15T07:42:50.1405106Z    550K .......... .......... .......... .......... ..........  2%  217M 1s
2026-02-15T07:42:50.1440388Z    600K .......... .......... .......... .......... ..........  3% 13.9M 1s
2026-02-15T07:42:50.1442859Z    650K .......... .......... .......... .......... ..........  3%  205M 1s
2026-02-15T07:42:50.1445018Z    700K .......... .......... .......... .......... ..........  3%  212M 1s
2026-02-15T07:42:50.1447386Z    750K .......... .......... .......... .......... ..........  3%  225M 1s
2026-02-15T07:42:50.1449888Z    800K .......... .......... .......... .......... ..........  4%  178M 1s
2026-02-15T07:42:50.1452412Z    850K .......... .......... .......... .......... ..........  4%  232M 1s
2026-02-15T07:42:50.1455163Z    900K .......... .......... .......... .......... ..........  4%  203M 0s
2026-02-15T07:42:50.1457384Z    950K .......... .......... .......... .......... ..........  4%  218M 0s
2026-02-15T07:42:50.1460166Z   1000K .......... .......... .......... .......... ..........  5%  167M 0s
2026-02-15T07:42:50.1462363Z   1050K .......... .......... .......... .......... ..........  5%  239M 0s
2026-02-15T07:42:50.1464955Z   1100K .......... .......... .......... .......... ..........  5%  252M 0s
2026-02-15T07:42:50.1467455Z   1150K .......... .......... .......... .......... ..........  5%  211M 0s
2026-02-15T07:42:50.1490066Z   1200K .......... .......... .......... .......... ..........  6% 20.7M 0s
2026-02-15T07:42:50.1498445Z   1250K .......... .......... .......... .......... ..........  6% 58.0M 0s
2026-02-15T07:42:50.1501070Z   1300K .......... .......... .......... .......... ..........  6%  207M 0s
2026-02-15T07:42:50.1503434Z   1350K .......... .......... .......... .......... ..........  6%  193M 0s
2026-02-15T07:42:50.1505882Z   1400K .......... .......... .......... .......... ..........  7%  208M 0s
2026-02-15T07:42:50.1508309Z   1450K .......... .......... .......... .......... ..........  7%  239M 0s
2026-02-15T07:42:50.1510733Z   1500K .......... .......... .......... .......... ..........  7%  253M 0s
2026-02-15T07:42:50.1513291Z   1550K .......... .......... .......... .......... ..........  7%  176M 0s
2026-02-15T07:42:50.1515951Z   1600K .......... .......... .......... .......... ..........  8%  236M 0s
2026-02-15T07:42:50.1518312Z   1650K .......... .......... .......... .......... ..........  8%  188M 0s
2026-02-15T07:42:50.1520718Z   1700K .......... .......... .......... .......... ..........  8%  231M 0s
2026-02-15T07:42:50.1523255Z   1750K .......... .......... .......... .......... ..........  8%  240M 0s
2026-02-15T07:42:50.1525547Z   1800K .......... .......... .......... .......... ..........  9%  246M 0s
2026-02-15T07:42:50.1527969Z   1850K .......... .......... .......... .......... ..........  9%  190M 0s
2026-02-15T07:42:50.1530302Z   1900K .......... .......... .......... .......... ..........  9%  229M 0s
2026-02-15T07:42:50.1532937Z   1950K .......... .......... .......... .......... ..........  9%  217M 0s
2026-02-15T07:42:50.1535270Z   2000K .......... .......... .......... .......... .......... 10%  250M 0s
2026-02-15T07:42:50.1537544Z   2050K .......... .......... .......... .......... .......... 10%  252M 0s
2026-02-15T07:42:50.1539853Z   2100K .......... .......... .......... .......... .......... 10%  240M 0s
2026-02-15T07:42:50.1542239Z   2150K .......... .......... .......... .......... .......... 10%  248M 0s
2026-02-15T07:42:50.1544622Z   2200K .......... .......... .......... .......... .......... 11%  251M 0s
2026-02-15T07:42:50.1546903Z   2250K .......... .......... .......... .......... .......... 11%  217M 0s
2026-02-15T07:42:50.1549290Z   2300K .......... .......... .......... .......... .......... 11%  195M 0s
2026-02-15T07:42:50.1551634Z   2350K .......... .......... .......... .......... .......... 11%  253M 0s
2026-02-15T07:42:50.1554234Z   2400K .......... .......... .......... .......... .......... 12%  260M 0s
2026-02-15T07:42:50.1556603Z   2450K .......... .......... .......... .......... .......... 12%  258M 0s
2026-02-15T07:42:50.1559012Z   2500K .......... .......... .......... .......... .......... 12%  233M 0s
2026-02-15T07:42:50.1561381Z   2550K .......... .......... .......... .......... .......... 12%  204M 0s
2026-02-15T07:42:50.1563883Z   2600K .......... .......... .......... .......... .......... 13%  221M 0s
2026-02-15T07:42:50.1566273Z   2650K .......... .......... .......... .......... .......... 13%  236M 0s
2026-02-15T07:42:50.1568633Z   2700K .......... .......... .......... .......... .......... 13%  169M 0s
2026-02-15T07:42:50.1570975Z   2750K .......... .......... .......... .......... .......... 13%  222M 0s
2026-02-15T07:42:50.1573545Z   2800K .......... .......... .......... .......... .......... 14%  228M 0s
2026-02-15T07:42:50.1576020Z   2850K .......... .......... .......... .......... .......... 14%  258M 0s
2026-02-15T07:42:50.1578452Z   2900K .......... .......... .......... .......... .......... 14%  244M 0s
2026-02-15T07:42:50.1580770Z   2950K .......... .......... .......... .......... .......... 14%  238M 0s
2026-02-15T07:42:50.1583288Z   3000K .......... .......... .......... .......... .......... 15%  237M 0s
2026-02-15T07:42:50.1585728Z   3050K .......... .......... .......... .......... .......... 15%  218M 0s
2026-02-15T07:42:50.1588082Z   3100K .......... .......... .......... .......... .......... 15%  190M 0s
2026-02-15T07:42:50.1590293Z   3150K .......... .......... .......... .......... .......... 15%  250M 0s
2026-02-15T07:42:50.1592753Z   3200K .......... .......... .......... .......... .......... 16%  280M 0s
2026-02-15T07:42:50.1595083Z   3250K .......... .......... .......... .......... .......... 16%  231M 0s
2026-02-15T07:42:50.1597421Z   3300K .......... .......... .......... .......... .......... 16%  237M 0s
2026-02-15T07:42:50.1599844Z   3350K .......... .......... .......... .......... .......... 16%  254M 0s
2026-02-15T07:42:50.1602183Z   3400K .......... .......... .......... .......... .......... 17%  183M 0s
2026-02-15T07:42:50.1604647Z   3450K .......... .......... .......... .......... .......... 17%  243M 0s
2026-02-15T07:42:50.1607052Z   3500K .......... .......... .......... .......... .......... 17%  222M 0s
2026-02-15T07:42:50.1609511Z   3550K .......... .......... .......... .......... .......... 17%  217M 0s
2026-02-15T07:42:50.1611835Z   3600K .......... .......... .......... .......... .......... 18%  254M 0s
2026-02-15T07:42:50.1614329Z   3650K .......... .......... .......... .......... .......... 18%  224M 0s
2026-02-15T07:42:50.1616711Z   3700K .......... .......... .......... .......... .......... 18%  172M 0s
2026-02-15T07:42:50.1619056Z   3750K .......... .......... .......... .......... .......... 18%  184M 0s
2026-02-15T07:42:50.1621405Z   3800K .......... .......... .......... .......... .......... 19%  203M 0s
2026-02-15T07:42:50.1623861Z   3850K .......... .......... .......... .......... .......... 19%  218M 0s
2026-02-15T07:42:50.1626437Z   3900K .......... .......... .......... .......... .......... 19%  213M 0s
2026-02-15T07:42:50.1628826Z   3950K .......... .......... .......... .......... .......... 19%  226M 0s
2026-02-15T07:42:50.1631146Z   4000K .......... .......... .......... .......... .......... 20%  201M 0s
2026-02-15T07:42:50.1633692Z   4050K .......... .......... .......... .......... .......... 20%  230M 0s
2026-02-15T07:42:50.1636034Z   4100K .......... .......... .......... .......... .......... 20%  243M 0s
2026-02-15T07:42:50.1638209Z   4150K .......... .......... .......... .......... .......... 20%  217M 0s
2026-02-15T07:42:50.1640247Z   4200K .......... .......... .......... .......... .......... 21%  225M 0s
2026-02-15T07:42:50.1641627Z   4250K .......... .......... .......... .......... .......... 21%  218M 0s
2026-02-15T07:42:50.1643822Z   4300K .......... .......... .......... .......... .......... 21%  259M 0s
2026-02-15T07:42:50.1646274Z   4350K .......... .......... .......... .......... .......... 21%  154M 0s
2026-02-15T07:42:50.1648620Z   4400K .......... .......... .......... .......... .......... 22%  215M 0s
2026-02-15T07:42:50.1650997Z   4450K .......... .......... .......... .......... .......... 22%  270M 0s
2026-02-15T07:42:50.1653388Z   4500K .......... .......... .......... .......... .......... 22%  251M 0s
2026-02-15T07:42:50.1655869Z   4550K .......... .......... .......... .......... .......... 22%  269M 0s
2026-02-15T07:42:50.1658252Z   4600K .......... .......... .......... .......... .......... 23%  173M 0s
2026-02-15T07:42:50.1660568Z   4650K .......... .......... .......... .......... .......... 23%  240M 0s
2026-02-15T07:42:50.1663017Z   4700K .......... .......... .......... .......... .......... 23%  268M 0s
2026-02-15T07:42:50.1665354Z   4750K .......... .......... .......... .......... .......... 23%  227M 0s
2026-02-15T07:42:50.1667980Z   4800K .......... .......... .......... .......... .......... 24%  238M 0s
2026-02-15T07:42:50.1670344Z   4850K .......... .......... .......... .......... .......... 24%  171M 0s
2026-02-15T07:42:50.1672857Z   4900K .......... .......... .......... .......... .......... 24%  207M 0s
2026-02-15T07:42:50.1675192Z   4950K .......... .......... .......... .......... .......... 24%  240M 0s
2026-02-15T07:42:50.1677501Z   5000K .......... .......... .......... .......... .......... 25%  225M 0s
2026-02-15T07:42:50.1679715Z   5050K .......... .......... .......... .......... .......... 25%  218M 0s
2026-02-15T07:42:50.1682014Z   5100K .......... .......... .......... .......... .......... 25%  162M 0s
2026-02-15T07:42:50.1684548Z   5150K .......... .......... .......... .......... .......... 25%  225M 0s
2026-02-15T07:42:50.1686801Z   5200K .......... .......... .......... .......... .......... 26%  222M 0s
2026-02-15T07:42:50.1689007Z   5250K .......... .......... .......... .......... .......... 26%  186M 0s
2026-02-15T07:42:50.1691370Z   5300K .......... .......... .......... .......... .......... 26%  240M 0s
2026-02-15T07:42:50.1693726Z   5350K .......... .......... .......... .......... .......... 26%  252M 0s
2026-02-15T07:42:50.1696080Z   5400K .......... .......... .......... .......... .......... 27%  258M 0s
2026-02-15T07:42:50.1698449Z   5450K .......... .......... .......... .......... .......... 27%  221M 0s
2026-02-15T07:42:50.1700702Z   5500K .......... .......... .......... .......... .......... 27%  154M 0s
2026-02-15T07:42:50.1703320Z   5550K .......... .......... .......... .......... .......... 27%  267M 0s
2026-02-15T07:42:50.1705645Z   5600K .......... .......... .......... .......... .......... 28%  255M 0s
2026-02-15T07:42:50.1708026Z   5650K .......... .......... .......... .......... .......... 28%  247M 0s
2026-02-15T07:42:50.1710406Z   5700K .......... .......... .......... .......... .......... 28%  253M 0s
2026-02-15T07:42:50.1712868Z   5750K .......... .......... .......... .......... .......... 28%  172M 0s
2026-02-15T07:42:50.1715200Z   5800K .......... .......... .......... .......... .......... 29%  225M 0s
2026-02-15T07:42:50.1718255Z   5850K .......... .......... .......... .......... .......... 29%  227M 0s
2026-02-15T07:42:50.1720964Z   5900K .......... .......... .......... .......... .......... 29%  214M 0s
2026-02-15T07:42:50.1723666Z   5950K .......... .......... .......... .......... .......... 29%  210M 0s
2026-02-15T07:42:50.1725937Z   6000K .......... .......... .......... .......... .......... 30%  211M 0s
2026-02-15T07:42:50.1728325Z   6050K .......... .......... .......... .......... .......... 30%  227M 0s
2026-02-15T07:42:50.1730598Z   6100K .......... .......... .......... .......... .......... 30%  191M 0s
2026-02-15T07:42:50.1732955Z   6150K .......... .......... .......... .......... .......... 30%  211M 0s
2026-02-15T07:42:50.1735270Z   6200K .......... .......... .......... .......... .......... 31%  218M 0s
2026-02-15T07:42:50.1737149Z   6250K .......... .......... .......... .......... .......... 31%  217M 0s
2026-02-15T07:42:50.1739428Z   6300K .......... .......... .......... .......... .......... 31%  229M 0s
2026-02-15T07:42:50.1741147Z   6350K .......... .......... .......... .......... .......... 31%  180M 0s
2026-02-15T07:42:50.1743379Z   6400K .......... .......... .......... .......... .......... 32%  232M 0s
2026-02-15T07:42:50.1744846Z   6450K .......... .......... .......... .......... .......... 32%  234M 0s
2026-02-15T07:42:50.1747287Z   6500K .......... .......... .......... .......... .......... 32%  222M 0s
2026-02-15T07:42:50.1749317Z   6550K .......... .......... .......... .......... .......... 32%  192M 0s
2026-02-15T07:42:50.1751323Z   6600K .......... .......... .......... .......... .......... 33%  243M 0s
2026-02-15T07:42:50.1753295Z   6650K .......... .......... .......... .......... .......... 33%  233M 0s
2026-02-15T07:42:50.1755397Z   6700K .......... .......... .......... .......... .......... 33%  237M 0s
2026-02-15T07:42:50.1757692Z   6750K .......... .......... .......... .......... .......... 33%  167M 0s
2026-02-15T07:42:50.1759735Z   6800K .......... .......... .......... .......... .......... 34%  192M 0s
2026-02-15T07:42:50.1761641Z   6850K .......... .......... .......... .......... .......... 34%  204M 0s
2026-02-15T07:42:50.1763465Z   6900K .......... .......... .......... .......... .......... 34%  219M 0s
2026-02-15T07:42:50.1765696Z   6950K .......... .......... .......... .......... .......... 34%  238M 0s
2026-02-15T07:42:50.1767535Z   7000K .......... .......... .......... .......... .......... 35%  188M 0s
2026-02-15T07:42:50.1769670Z   7050K .......... .......... .......... .......... .......... 35%  200M 0s
2026-02-15T07:42:50.1771561Z   7100K .......... .......... .......... .......... .......... 35%  228M 0s
2026-02-15T07:42:50.1773797Z   7150K .......... .......... .......... .......... .......... 35%  177M 0s
2026-02-15T07:42:50.1775817Z   7200K .......... .......... .......... .......... .......... 35%  226M 0s
2026-02-15T07:42:50.1777709Z   7250K .......... .......... .......... .......... .......... 36%  200M 0s
2026-02-15T07:42:50.1779764Z   7300K .......... .......... .......... .......... .......... 36%  231M 0s
2026-02-15T07:42:50.1781586Z   7350K .......... .......... .......... .......... .......... 36%  233M 0s
2026-02-15T07:42:50.1783626Z   7400K .......... .......... .......... .......... .......... 36%  232M 0s
2026-02-15T07:42:50.1785416Z   7450K .......... .......... .......... .......... .......... 37%  167M 0s
2026-02-15T07:42:50.1787251Z   7500K .......... .......... .......... .......... .......... 37%  214M 0s
2026-02-15T07:42:50.1789070Z   7550K .......... .......... .......... .......... .......... 37%  216M 0s
2026-02-15T07:42:50.1790982Z   7600K .......... .......... .......... .......... .......... 37%  226M 0s
2026-02-15T07:42:50.1793016Z   7650K .......... .......... .......... .......... .......... 38%  222M 0s
2026-02-15T07:42:50.1794924Z   7700K .......... .......... .......... .......... .......... 38%  171M 0s
2026-02-15T07:42:50.1796660Z   7750K .......... .......... .......... .......... .......... 38%  240M 0s
2026-02-15T07:42:50.1798842Z   7800K .......... .......... .......... .......... .......... 38%  252M 0s
2026-02-15T07:42:50.1800858Z   7850K .......... .......... .......... .......... .......... 39%  249M 0s
2026-02-15T07:42:50.1803022Z   7900K .......... .......... .......... .......... .......... 39%  219M 0s
2026-02-15T07:42:50.1804965Z   7950K .......... .......... .......... .......... .......... 39%  207M 0s
2026-02-15T07:42:50.1806908Z   8000K .......... .......... .......... .......... .......... 39%  245M 0s
2026-02-15T07:42:50.1808730Z   8050K .......... .......... .......... .......... .......... 40%  243M 0s
2026-02-15T07:42:50.1810680Z   8100K .......... .......... .......... .......... .......... 40%  246M 0s
2026-02-15T07:42:50.1812834Z   8150K .......... .......... .......... .......... .......... 40%  232M 0s
2026-02-15T07:42:50.1814758Z   8200K .......... .......... .......... .......... .......... 40%  249M 0s
2026-02-15T07:42:50.1816657Z   8250K .......... .......... .......... .......... .......... 41%  240M 0s
2026-02-15T07:42:50.1818487Z   8300K .......... .......... .......... .......... .......... 41%  235M 0s
2026-02-15T07:42:50.1820010Z   8350K .......... .......... .......... .......... .......... 41%  185M 0s
2026-02-15T07:42:50.1821286Z   8400K .......... .......... .......... .......... .......... 41%  240M 0s
2026-02-15T07:42:50.1822699Z   8450K .......... .......... .......... .......... .......... 42%  245M 0s
2026-02-15T07:42:50.1824973Z   8500K .......... .......... .......... .......... .......... 42%  280M 0s
2026-02-15T07:42:50.1826879Z   8550K .......... .......... .......... .......... .......... 42%  340M 0s
2026-02-15T07:42:50.1828808Z   8600K .......... .......... .......... .......... .......... 42%  316M 0s
2026-02-15T07:42:50.1830813Z   8650K .......... .......... .......... .......... .......... 43%  222M 0s
2026-02-15T07:42:50.1833173Z   8700K .......... .......... .......... .......... .......... 43%  249M 0s
2026-02-15T07:42:50.1835110Z   8750K .......... .......... .......... .......... .......... 43%  238M 0s
2026-02-15T07:42:50.1837038Z   8800K .......... .......... .......... .......... .......... 43%  249M 0s
2026-02-15T07:42:50.1838831Z   8850K .......... .......... .......... .......... .......... 44%  247M 0s
2026-02-15T07:42:50.1840787Z   8900K .......... .......... .......... .......... .......... 44%  224M 0s
2026-02-15T07:42:50.1842881Z   8950K .......... .......... .......... .......... .......... 44%  238M 0s
2026-02-15T07:42:50.1844844Z   9000K .......... .......... .......... .......... .......... 44%  201M 0s
2026-02-15T07:42:50.1846807Z   9050K .......... .......... .......... .......... .......... 45%  246M 0s
2026-02-15T07:42:50.1848770Z   9100K .......... .......... .......... .......... .......... 45%  233M 0s
2026-02-15T07:42:50.1850339Z   9150K .......... .......... .......... .......... .......... 45%  239M 0s
2026-02-15T07:42:50.1852396Z   9200K .......... .......... .......... .......... .......... 45%  247M 0s
2026-02-15T07:42:50.1854468Z   9250K .......... .......... .......... .......... .......... 46%  240M 0s
2026-02-15T07:42:50.1856384Z   9300K .......... .......... .......... .......... .......... 46%  189M 0s
2026-02-15T07:42:50.1858389Z   9350K .......... .......... .......... .......... .......... 46%  227M 0s
2026-02-15T07:42:50.1860307Z   9400K .......... .......... .......... .......... .......... 46%  251M 0s
2026-02-15T07:42:50.1862103Z   9450K .......... .......... .......... .......... .......... 47%  254M 0s
2026-02-15T07:42:50.1864159Z   9500K .......... .......... .......... .......... .......... 47%  256M 0s
2026-02-15T07:42:50.1866174Z   9550K .......... .......... .......... .......... .......... 47%  210M 0s
2026-02-15T07:42:50.1868194Z   9600K .......... .......... .......... .......... .......... 47%  233M 0s
2026-02-15T07:42:50.1870149Z   9650K .......... .......... .......... .......... .......... 48%  247M 0s
2026-02-15T07:42:50.1872029Z   9700K .......... .......... .......... .......... .......... 48%  250M 0s
2026-02-15T07:42:50.1874302Z   9750K .......... .......... .......... .......... .......... 48%  240M 0s
2026-02-15T07:42:50.1876302Z   9800K .......... .......... .......... .......... .......... 48%  203M 0s
2026-02-15T07:42:50.1878281Z   9850K .......... .......... .......... .......... .......... 49%  226M 0s
2026-02-15T07:42:50.1880235Z   9900K .......... .......... .......... .......... .......... 49%  261M 0s
2026-02-15T07:42:50.1882239Z   9950K .......... .......... .......... .......... .......... 49%  254M 0s
2026-02-15T07:42:50.1884414Z  10000K .......... .......... .......... .......... .......... 49%  249M 0s
2026-02-15T07:42:50.1886381Z  10050K .......... .......... .......... .......... .......... 50%  203M 0s
2026-02-15T07:42:50.1888333Z  10100K .......... .......... .......... .......... .......... 50%  230M 0s
2026-02-15T07:42:50.1889698Z  10150K .......... .......... .......... .......... .......... 50%  254M 0s
2026-02-15T07:42:50.2031034Z  10200K .......... .......... .......... .......... .......... 50% 3.45M 0s
2026-02-15T07:42:50.2034157Z  10250K .......... .......... .......... .......... .......... 51%  186M 0s
2026-02-15T07:42:50.2036476Z  10300K .......... .......... .......... .......... .......... 51%  172M 0s
2026-02-15T07:42:50.2038700Z  10350K .......... .......... .......... .......... .......... 51%  199M 0s
2026-02-15T07:42:50.2041203Z  10400K .......... .......... .......... .......... .......... 51%  182M 0s
2026-02-15T07:42:50.2043253Z  10450K .......... .......... .......... .......... .......... 52%  266M 0s
2026-02-15T07:42:50.2045736Z  10500K .......... .......... .......... .......... .......... 52%  236M 0s
2026-02-15T07:42:50.2047866Z  10550K .......... .......... .......... .......... .......... 52%  243M 0s
2026-02-15T07:42:50.2050235Z  10600K .......... .......... .......... .......... .......... 52%  244M 0s
2026-02-15T07:42:50.2052359Z  10650K .......... .......... .......... .......... .......... 53%  251M 0s
2026-02-15T07:42:50.2054114Z  10700K .......... .......... .......... .......... .......... 53%  246M 0s
2026-02-15T07:42:50.2056395Z  10750K .......... .......... .......... .......... .......... 53%  250M 0s
2026-02-15T07:42:50.2058637Z  10800K .......... .......... .......... .......... .......... 53%  185M 0s
2026-02-15T07:42:50.2060913Z  10850K .......... .......... .......... .......... .......... 54%  251M 0s
2026-02-15T07:42:50.2063298Z  10900K .......... .......... .......... .......... .......... 54%  262M 0s
2026-02-15T07:42:50.2065563Z  10950K .......... .......... .......... .......... .......... 54%  256M 0s
2026-02-15T07:42:50.2067828Z  11000K .......... .......... .......... .......... .......... 54%  237M 0s
2026-02-15T07:42:50.2070102Z  11050K .......... .......... .......... .......... .......... 55%  180M 0s
2026-02-15T07:42:50.2072411Z  11100K .......... .......... .......... .......... .......... 55%  242M 0s
2026-02-15T07:42:50.2074847Z  11150K .......... .......... .......... .......... .......... 55%  251M 0s
2026-02-15T07:42:50.2077095Z  11200K .......... .......... .......... .......... .......... 55%  258M 0s
2026-02-15T07:42:50.2079305Z  11250K .......... .......... .......... .......... .......... 56%  232M 0s
2026-02-15T07:42:50.2081557Z  11300K .......... .......... .......... .......... .......... 56%  265M 0s
2026-02-15T07:42:50.2083936Z  11350K .......... .......... .......... .......... .......... 56%  199M 0s
2026-02-15T07:42:50.2086208Z  11400K .......... .......... .......... .......... .......... 56%  256M 0s
2026-02-15T07:42:50.2088459Z  11450K .......... .......... .......... .......... .......... 57%  240M 0s
2026-02-15T07:42:50.2090697Z  11500K .......... .......... .......... .......... .......... 57%  205M 0s
2026-02-15T07:42:50.2093099Z  11550K .......... .......... .......... .......... .......... 57%  250M 0s
2026-02-15T07:42:50.2095370Z  11600K .......... .......... .......... .......... .......... 57%  226M 0s
2026-02-15T07:42:50.2097614Z  11650K .......... .......... .......... .......... .......... 58%  244M 0s
2026-02-15T07:42:50.2100105Z  11700K .......... .......... .......... .......... .......... 58%  243M 0s
2026-02-15T07:42:50.2102364Z  11750K .......... .......... .......... .......... .......... 58%  164M 0s
2026-02-15T07:42:50.2104772Z  11800K .......... .......... .......... .......... .......... 58%  247M 0s
2026-02-15T07:42:50.2107035Z  11850K .......... .......... .......... .......... .......... 59%  245M 0s
2026-02-15T07:42:50.2109256Z  11900K .......... .......... .......... .......... .......... 59%  263M 0s
2026-02-15T07:42:50.2111487Z  11950K .......... .......... .......... .......... .......... 59%  235M 0s
2026-02-15T07:42:50.2113875Z  12000K .......... .......... .......... .......... .......... 59%  183M 0s
2026-02-15T07:42:50.2116127Z  12050K .......... .......... .......... .......... .......... 60%  242M 0s
2026-02-15T07:42:50.2118377Z  12100K .......... .......... .......... .......... .......... 60%  242M 0s
2026-02-15T07:42:50.2120629Z  12150K .......... .......... .......... .......... .......... 60%  226M 0s
2026-02-15T07:42:50.2123019Z  12200K .......... .......... .......... .......... .......... 60%  229M 0s
2026-02-15T07:42:50.2125222Z  12250K .......... .......... .......... .......... .......... 61%  238M 0s
2026-02-15T07:42:50.2127479Z  12300K .......... .......... .......... .......... .......... 61%  224M 0s
2026-02-15T07:42:50.2129776Z  12350K .......... .......... .......... .......... .......... 61%  213M 0s
2026-02-15T07:42:50.2132012Z  12400K .......... .......... .......... .......... .......... 61%  172M 0s
2026-02-15T07:42:50.2134379Z  12450K .......... .......... .......... .......... .......... 62%  227M 0s
2026-02-15T07:42:50.2136611Z  12500K .......... .......... .......... .......... .......... 62%  273M 0s
2026-02-15T07:42:50.2138857Z  12550K .......... .......... .......... .......... .......... 62%  247M 0s
2026-02-15T07:42:50.2141332Z  12600K .......... .......... .......... .......... .......... 62%  229M 0s
2026-02-15T07:42:50.2143718Z  12650K .......... .......... .......... .......... .......... 63%  227M 0s
2026-02-15T07:42:50.2145949Z  12700K .......... .......... .......... .......... .......... 63%  192M 0s
2026-02-15T07:42:50.2148222Z  12750K .......... .......... .......... .......... .......... 63%  251M 0s
2026-02-15T07:42:50.2150447Z  12800K .......... .......... .......... .......... .......... 63%  264M 0s
2026-02-15T07:42:50.2152827Z  12850K .......... .......... .......... .......... .......... 64%  235M 0s
2026-02-15T07:42:50.2155066Z  12900K .......... .......... .......... .......... .......... 64%  235M 0s
2026-02-15T07:42:50.2157282Z  12950K .......... .......... .......... .......... .......... 64%  216M 0s
2026-02-15T07:42:50.2159530Z  13000K .......... .......... .......... .......... .......... 64%  225M 0s
2026-02-15T07:42:50.2161750Z  13050K .......... .......... .......... .......... .......... 65%  187M 0s
2026-02-15T07:42:50.2164123Z  13100K .......... .......... .......... .......... .......... 65%  182M 0s
2026-02-15T07:42:50.2166384Z  13150K .......... .......... .......... .......... .......... 65%  222M 0s
2026-02-15T07:42:50.2168617Z  13200K .......... .......... .......... .......... .......... 65%  205M 0s
2026-02-15T07:42:50.2170897Z  13250K .......... .......... .......... .......... .......... 66%  222M 0s
2026-02-15T07:42:50.2173245Z  13300K .......... .......... .......... .......... .......... 66%  211M 0s
2026-02-15T07:42:50.2175467Z  13350K .......... .......... .......... .......... .......... 66%  154M 0s
2026-02-15T07:42:50.2177705Z  13400K .......... .......... .......... .......... .......... 66%  215M 0s
2026-02-15T07:42:50.2179896Z  13450K .......... .......... .......... .......... .......... 67%  220M 0s
2026-02-15T07:42:50.2182118Z  13500K .......... .......... .......... .......... .......... 67%  210M 0s
2026-02-15T07:42:50.2184538Z  13550K .......... .......... .......... .......... .......... 67%  249M 0s
2026-02-15T07:42:50.2186828Z  13600K .......... .......... .......... .......... .......... 67%  258M 0s
2026-02-15T07:42:50.2189307Z  13650K .......... .......... .......... .......... .......... 68%  201M 0s
2026-02-15T07:42:50.2191576Z  13700K .......... .......... .......... .......... .......... 68%  253M 0s
2026-02-15T07:42:50.2194036Z  13750K .......... .......... .......... .......... .......... 68%  204M 0s
2026-02-15T07:42:50.2196151Z  13800K .......... .......... .......... .......... .......... 68%  260M 0s
2026-02-15T07:42:50.2197624Z  13850K .......... .......... .......... .......... .......... 69%  236M 0s
2026-02-15T07:42:50.2199058Z  13900K .......... .......... .......... .......... .......... 69%  294M 0s
2026-02-15T07:42:50.2200466Z  13950K .......... .......... .......... .......... .......... 69%  253M 0s
2026-02-15T07:42:50.2204094Z  14000K .......... .......... .......... .......... .......... 69%  119M 0s
2026-02-15T07:42:50.2206653Z  14050K .......... .......... .......... .......... .......... 70%  181M 0s
2026-02-15T07:42:50.2208941Z  14100K .......... .......... .......... .......... .......... 70%  270M 0s
2026-02-15T07:42:50.2211299Z  14150K .......... .......... .......... .......... .......... 70%  285M 0s
2026-02-15T07:42:50.2213796Z  14200K .......... .......... .......... .......... .......... 70%  254M 0s
2026-02-15T07:42:50.2216089Z  14250K .......... .......... .......... .......... .......... 70%  236M 0s
2026-02-15T07:42:50.2218478Z  14300K .......... .......... .......... .......... .......... 71%  174M 0s
2026-02-15T07:42:50.2220700Z  14350K .......... .......... .......... .......... .......... 71%  231M 0s
2026-02-15T07:42:50.2223106Z  14400K .......... .......... .......... .......... .......... 71%  257M 0s
2026-02-15T07:42:50.2225463Z  14450K .......... .......... .......... .......... .......... 71%  211M 0s
2026-02-15T07:42:50.2227691Z  14500K .......... .......... .......... .......... .......... 72%  237M 0s
2026-02-15T07:42:50.2230165Z  14550K .......... .......... .......... .......... .......... 72%  244M 0s
2026-02-15T07:42:50.2232395Z  14600K .......... .......... .......... .......... .......... 72%  241M 0s
2026-02-15T07:42:50.2234850Z  14650K .......... .......... .......... .......... .......... 72%  223M 0s
2026-02-15T07:42:50.2237214Z  14700K .......... .......... .......... .......... .......... 73%  179M 0s
2026-02-15T07:42:50.2239590Z  14750K .......... .......... .......... .......... .......... 73%  243M 0s
2026-02-15T07:42:50.2241867Z  14800K .......... .......... .......... .......... .......... 73%  289M 0s
2026-02-15T07:42:50.2244369Z  14850K .......... .......... .......... .......... .......... 73%  263M 0s
2026-02-15T07:42:50.2246708Z  14900K .......... .......... .......... .......... .......... 74%  240M 0s
2026-02-15T07:42:50.2249129Z  14950K .......... .......... .......... .......... .......... 74%  241M 0s
2026-02-15T07:42:50.2251664Z  15000K .......... .......... .......... .......... .......... 74%  209M 0s
2026-02-15T07:42:50.2254147Z  15050K .......... .......... .......... .......... .......... 74%  280M 0s
2026-02-15T07:42:50.2256544Z  15100K .......... .......... .......... .......... .......... 75%  253M 0s
2026-02-15T07:42:50.2258762Z  15150K .......... .......... .......... .......... .......... 75%  208M 0s
2026-02-15T07:42:50.2260970Z  15200K .......... .......... .......... .......... .......... 75%  187M 0s
2026-02-15T07:42:50.2263568Z  15250K .......... .......... .......... .......... .......... 75%  218M 0s
2026-02-15T07:42:50.2265944Z  15300K .......... .......... .......... .......... .......... 76%  220M 0s
2026-02-15T07:42:50.2268270Z  15350K .......... .......... .......... .......... .......... 76%  197M 0s
2026-02-15T07:42:50.2270727Z  15400K .......... .......... .......... .......... .......... 76%  211M 0s
2026-02-15T07:42:50.2273075Z  15450K .......... .......... .......... .......... .......... 76%  176M 0s
2026-02-15T07:42:50.2275365Z  15500K .......... .......... .......... .......... .......... 77%  263M 0s
2026-02-15T07:42:50.2277682Z  15550K .......... .......... .......... .......... .......... 77%  267M 0s
2026-02-15T07:42:50.2280107Z  15600K .......... .......... .......... .......... .......... 77%  189M 0s
2026-02-15T07:42:50.2282357Z  15650K .......... .......... .......... .......... .......... 77%  216M 0s
2026-02-15T07:42:50.2284721Z  15700K .......... .......... .......... .......... .......... 78%  169M 0s
2026-02-15T07:42:50.2287142Z  15750K .......... .......... .......... .......... .......... 78%  241M 0s
2026-02-15T07:42:50.2352393Z  15800K .......... .......... .......... .......... .......... 78%  232M 0s
2026-02-15T07:42:50.2354765Z  15850K .......... .......... .......... .......... .......... 78%  250M 0s
2026-02-15T07:42:50.2356203Z  15900K .......... .......... .......... .......... .......... 79%  246M 0s
2026-02-15T07:42:50.2357816Z  15950K .......... .......... .......... .......... .......... 79%  260M 0s
2026-02-15T07:42:50.2360062Z  16000K .......... .......... .......... .......... .......... 79%  255M 0s
2026-02-15T07:42:50.2362063Z  16050K .......... .......... .......... .......... .......... 79%  228M 0s
2026-02-15T07:42:50.2364219Z  16100K .......... .......... .......... .......... .......... 80%  183M 0s
2026-02-15T07:42:50.2366223Z  16150K .......... .......... .......... .......... .......... 80%  231M 0s
2026-02-15T07:42:50.2368213Z  16200K .......... .......... .......... .......... .......... 80%  230M 0s
2026-02-15T07:42:50.2370209Z  16250K .......... .......... .......... .......... .......... 80%  307M 0s
2026-02-15T07:42:50.2372245Z  16300K .......... .......... .......... .......... .......... 81%  232M 0s
2026-02-15T07:42:50.2374393Z  16350K .......... .......... .......... .......... .......... 81%  270M 0s
2026-02-15T07:42:50.2376388Z  16400K .......... .......... .......... .......... .......... 81%  281M 0s
2026-02-15T07:42:50.2378346Z  16450K .......... .......... .......... .......... .......... 81%  409M 0s
2026-02-15T07:42:50.2380614Z  16500K .......... .......... .......... .......... .......... 82%  250M 0s
2026-02-15T07:42:50.2382872Z  16550K .......... .......... .......... .......... .......... 82%  301M 0s
2026-02-15T07:42:50.2384885Z  16600K .......... .......... .......... .......... .......... 82%  337M 0s
2026-02-15T07:42:50.2386875Z  16650K .......... .......... .......... .......... .......... 82%  284M 0s
2026-02-15T07:42:50.2388843Z  16700K .......... .......... .......... .......... .......... 83%  317M 0s
2026-02-15T07:42:50.2390830Z  16750K .......... .......... .......... .......... .......... 83%  368M 0s
2026-02-15T07:42:50.2392949Z  16800K .......... .......... .......... .......... .......... 83%  386M 0s
2026-02-15T07:42:50.2394953Z  16850K .......... .......... .......... .......... .......... 83%  429M 0s
2026-02-15T07:42:50.2396626Z  16900K .......... .......... .......... .......... .......... 84%  432M 0s
2026-02-15T07:42:50.2398639Z  16950K .......... .......... .......... .......... .......... 84%  295M 0s
2026-02-15T07:42:50.2400760Z  17000K .......... .......... .......... .......... .......... 84%  279M 0s
2026-02-15T07:42:50.2403053Z  17050K .......... .......... .......... .......... .......... 84%  231M 0s
2026-02-15T07:42:50.2405406Z  17100K .......... .......... .......... .......... .......... 85%  292M 0s
2026-02-15T07:42:50.2407729Z  17150K .......... .......... .......... .......... .......... 85%  419M 0s
2026-02-15T07:42:50.2410071Z  17200K .......... .......... .......... .......... .......... 85%  416M 0s
2026-02-15T07:42:50.2412417Z  17250K .......... .......... .......... .......... .......... 85%  400M 0s
2026-02-15T07:42:50.2415726Z  17300K .......... .......... .......... .......... .......... 86%  400M 0s
2026-02-15T07:42:50.2418003Z  17350K .......... .......... .......... .......... .......... 86%  323M 0s
2026-02-15T07:42:50.2420337Z  17400K .......... .......... .......... .......... .......... 86%  428M 0s
2026-02-15T07:42:50.2422938Z  17450K .......... .......... .......... .......... .......... 86%  407M 0s
2026-02-15T07:42:50.2425319Z  17500K .......... .......... .......... .......... .......... 87%  431M 0s
2026-02-15T07:42:50.2427970Z  17550K .......... .......... .......... .......... .......... 87%  417M 0s
2026-02-15T07:42:50.2430293Z  17600K .......... .......... .......... .......... .......... 87%  421M 0s
2026-02-15T07:42:50.2432978Z  17650K .......... .......... .......... .......... .......... 87%  424M 0s
2026-02-15T07:42:50.2435472Z  17700K .......... .......... .......... .......... .......... 88%  320M 0s
2026-02-15T07:42:50.2437894Z  17750K .......... .......... .......... .......... .......... 88%  321M 0s
2026-02-15T07:42:50.2440261Z  17800K .......... .......... .......... .......... .......... 88%  364M 0s
2026-02-15T07:42:50.2442860Z  17850K .......... .......... .......... .......... .......... 88%  424M 0s
2026-02-15T07:42:50.2445128Z  17900K .......... .......... .......... .......... .......... 89%  418M 0s
2026-02-15T07:42:50.2447521Z  17950K .......... .......... .......... .......... .......... 89%  405M 0s
2026-02-15T07:42:50.2449866Z  18000K .......... .......... .......... .......... .......... 89%  325M 0s
2026-02-15T07:42:50.2452232Z  18050K .......... .......... .......... .......... .......... 89%  300M 0s
2026-02-15T07:42:50.2454838Z  18100K .......... .......... .......... .......... .......... 90%  392M 0s
2026-02-15T07:42:50.2457228Z  18150K .......... .......... .......... .......... .......... 90%  403M 0s
2026-02-15T07:42:50.2459501Z  18200K .......... .......... .......... .......... .......... 90%  339M 0s
2026-02-15T07:42:50.2461911Z  18250K .......... .......... .......... .......... .......... 90%  425M 0s
2026-02-15T07:42:50.2464497Z  18300K .......... .......... .......... .......... .......... 91%  417M 0s
2026-02-15T07:42:50.2466942Z  18350K .......... .......... .......... .......... .......... 91%  431M 0s
2026-02-15T07:42:50.2469362Z  18400K .......... .......... .......... .......... .......... 91%  250M 0s
2026-02-15T07:42:50.2472122Z  18450K .......... .......... .......... .......... .......... 91%  262M 0s
2026-02-15T07:42:50.2474698Z  18500K .......... .......... .......... .......... .......... 92%  267M 0s
2026-02-15T07:42:50.2476894Z  18550K .......... .......... .......... .......... .......... 92%  249M 0s
2026-02-15T07:42:50.2479211Z  18600K .......... .......... .......... .......... .......... 92%  178M 0s
2026-02-15T07:42:50.2481283Z  18650K .......... .......... .......... .......... .......... 92%  169M 0s
2026-02-15T07:42:50.2483836Z  18700K .......... .......... .......... .......... .......... 93%  258M 0s
2026-02-15T07:42:50.2486217Z  18750K .......... .......... .......... .......... .......... 93%  263M 0s
2026-02-15T07:42:50.2488402Z  18800K .......... .......... .......... .......... .......... 93%  251M 0s
2026-02-15T07:42:50.2490548Z  18850K .......... .......... .......... .......... .......... 93%  254M 0s
2026-02-15T07:42:50.2493070Z  18900K .......... .......... .......... .......... .......... 94%  186M 0s
2026-02-15T07:42:50.2495485Z  18950K .......... .......... .......... .......... .......... 94%  246M 0s
2026-02-15T07:42:50.2497701Z  19000K .......... .......... .......... .......... .......... 94%  257M 0s
2026-02-15T07:42:50.2500716Z  19050K .......... .......... .......... .......... .......... 94%  243M 0s
2026-02-15T07:42:50.2503343Z  19100K .......... .......... .......... .......... .......... 95%  254M 0s
2026-02-15T07:42:50.2505668Z  19150K .......... .......... .......... .......... .......... 95%  182M 0s
2026-02-15T07:42:50.2508065Z  19200K .......... .......... .......... .......... .......... 95%  254M 0s
2026-02-15T07:42:50.2510468Z  19250K .......... .......... .......... .......... .......... 95%  257M 0s
2026-02-15T07:42:50.2513082Z  19300K .......... .......... .......... .......... .......... 96%  249M 0s
2026-02-15T07:42:50.2515479Z  19350K .......... .......... .......... .......... .......... 96%  226M 0s
2026-02-15T07:42:50.2517872Z  19400K .......... .......... .......... .......... .......... 96%  190M 0s
2026-02-15T07:42:50.2520289Z  19450K .......... .......... .......... .......... .......... 96%  246M 0s
2026-02-15T07:42:50.2523238Z  19500K .......... .......... .......... .......... .......... 97%  215M 0s
2026-02-15T07:42:50.2525651Z  19550K .......... .......... .......... .......... .......... 97%  274M 0s
2026-02-15T07:42:50.2528047Z  19600K .......... .......... .......... .......... .......... 97%  247M 0s
2026-02-15T07:42:50.2530450Z  19650K .......... .......... .......... .......... .......... 97%  190M 0s
2026-02-15T07:42:50.2532415Z  19700K .......... .......... .......... .......... .......... 98%  259M 0s
2026-02-15T07:42:50.2534033Z  19750K .......... .......... .......... .......... .......... 98%  262M 0s
2026-02-15T07:42:50.2536019Z  19800K .......... .......... .......... .......... .......... 98%  254M 0s
2026-02-15T07:42:50.2537377Z  19850K .......... .......... .......... .......... .......... 98%  218M 0s
2026-02-15T07:42:50.2538706Z  19900K .......... .......... .......... .......... .......... 99%  203M 0s
2026-02-15T07:42:50.2540020Z  19950K .......... .......... .......... .......... .......... 99%  410M 0s
2026-02-15T07:42:50.2541342Z  20000K .......... .......... .......... .......... .......... 99%  321M 0s
2026-02-15T07:42:50.2542927Z  20050K .......... .......... .......... .......... .......... 99%  277M 0s
2026-02-15T07:42:50.2544297Z  20100K .......... .......... .......... .......... ..        100%  241M=0.1s
2026-02-15T07:42:50.2545163Z 
2026-02-15T07:42:50.2546223Z 2026-02-15 07:42:50 (163 MB/s) - ‘/home/runner/work/_temp/hugo.deb’ saved [20625590/20625590]
2026-02-15T07:42:50.2547381Z 
2026-02-15T07:42:50.2751527Z Selecting previously unselected package hugo.
2026-02-15T07:42:51.0461715Z (Reading database ... 218331 files and directories currently installed.)
2026-02-15T07:42:51.0505575Z Preparing to unpack .../runner/work/_temp/hugo.deb ...
2026-02-15T07:42:51.0529255Z Unpacking hugo (0.155.2) ...
2026-02-15T07:42:51.3147969Z Setting up hugo (0.155.2) ...
2026-02-15T07:42:51.3438187Z ##[group]Run sudo snap install dart-sass
2026-02-15T07:42:51.3438976Z [36;1msudo snap install dart-sass[0m
2026-02-15T07:42:51.3493182Z shell: /usr/bin/bash --noprofile --norc -e -o pipefail {0}
2026-02-15T07:42:51.3494062Z env:
2026-02-15T07:42:51.3494502Z   HUGO_VERSION: 0.155.2
2026-02-15T07:42:51.3495036Z ##[endgroup]
2026-02-15T07:42:55.5965571Z 2026-02-15T07:42:55Z INFO Waiting for automatic snapd restart...
2026-02-15T07:43:03.5417806Z dart-sass 1.97.3 from Joe Mooring (jmooring) installed
2026-02-15T07:43:03.5575577Z ##[group]Run actions/checkout@v4
2026-02-15T07:43:03.5575861Z with:
2026-02-15T07:43:03.5576036Z   submodules: recursive
2026-02-15T07:43:03.5576247Z   fetch-depth: 0
2026-02-15T07:43:03.5576460Z   repository: ruslanshgd/ruslanshgd.github.io
2026-02-15T07:43:03.5576901Z   token: ***
2026-02-15T07:43:03.5577077Z   ssh-strict: true
2026-02-15T07:43:03.5577259Z   ssh-user: git
2026-02-15T07:43:03.5577459Z   persist-credentials: true
2026-02-15T07:43:03.5577678Z   clean: true
2026-02-15T07:43:03.5577871Z   sparse-checkout-cone-mode: true
2026-02-15T07:43:03.5578116Z   fetch-tags: false
2026-02-15T07:43:03.5578312Z   show-progress: true
2026-02-15T07:43:03.5578511Z   lfs: false
2026-02-15T07:43:03.5578688Z   set-safe-directory: true
2026-02-15T07:43:03.5578886Z env:
2026-02-15T07:43:03.5579047Z   HUGO_VERSION: 0.155.2
2026-02-15T07:43:03.5579239Z ##[endgroup]
2026-02-15T07:43:03.6667919Z Syncing repository: ruslanshgd/ruslanshgd.github.io
2026-02-15T07:43:03.6669352Z ##[group]Getting Git version info
2026-02-15T07:43:03.6669797Z Working directory is '/home/runner/work/ruslanshgd.github.io/ruslanshgd.github.io'
2026-02-15T07:43:03.6670441Z [command]/usr/bin/git version
2026-02-15T07:43:03.6677518Z git version 2.52.0
2026-02-15T07:43:03.6704797Z ##[endgroup]
2026-02-15T07:43:03.6726802Z Temporarily overriding HOME='/home/runner/work/_temp/87b119b9-57c6-4f22-9808-61f0d997c2f2' before making global git config changes
2026-02-15T07:43:03.6727879Z Adding repository directory to the temporary git global config as a safe directory
2026-02-15T07:43:03.6732691Z [command]/usr/bin/git config --global --add safe.directory /home/runner/work/ruslanshgd.github.io/ruslanshgd.github.io
2026-02-15T07:43:03.6776586Z Deleting the contents of '/home/runner/work/ruslanshgd.github.io/ruslanshgd.github.io'
2026-02-15T07:43:03.6781488Z ##[group]Initializing the repository
2026-02-15T07:43:03.6785443Z [command]/usr/bin/git init /home/runner/work/ruslanshgd.github.io/ruslanshgd.github.io
2026-02-15T07:43:03.6923333Z hint: Using 'master' as the name for the initial branch. This default branch name
2026-02-15T07:43:03.6924281Z hint: will change to "main" in Git 3.0. To configure the initial branch name
2026-02-15T07:43:03.6925117Z hint: to use in all of your new repositories, which will suppress this warning,
2026-02-15T07:43:03.6925750Z hint: call:
2026-02-15T07:43:03.6926066Z hint:
2026-02-15T07:43:03.6926478Z hint: 	git config --global init.defaultBranch <name>
2026-02-15T07:43:03.6927018Z hint:
2026-02-15T07:43:03.6927535Z hint: Names commonly chosen instead of 'master' are 'main', 'trunk' and
2026-02-15T07:43:03.6928421Z hint: 'development'. The just-created branch can be renamed via this command:
2026-02-15T07:43:03.6929074Z hint:
2026-02-15T07:43:03.6929408Z hint: 	git branch -m <name>
2026-02-15T07:43:03.6929775Z hint:
2026-02-15T07:43:03.6930314Z hint: Disable this message with "git config set advice.defaultBranchName false"
2026-02-15T07:43:03.6931780Z Initialized empty Git repository in /home/runner/work/ruslanshgd.github.io/ruslanshgd.github.io/.git/
2026-02-15T07:43:03.6945431Z [command]/usr/bin/git remote add origin https://github.com/ruslanshgd/ruslanshgd.github.io
2026-02-15T07:43:03.6985270Z ##[endgroup]
2026-02-15T07:43:03.6985896Z ##[group]Disabling automatic garbage collection
2026-02-15T07:43:03.6989842Z [command]/usr/bin/git config --local gc.auto 0
2026-02-15T07:43:03.7021250Z ##[endgroup]
2026-02-15T07:43:03.7021746Z ##[group]Setting up auth
2026-02-15T07:43:03.7029448Z [command]/usr/bin/git config --local --name-only --get-regexp core\.sshCommand
2026-02-15T07:43:03.7062030Z [command]/usr/bin/git submodule foreach --recursive sh -c "git config --local --name-only --get-regexp 'core\.sshCommand' && git config --local --unset-all 'core.sshCommand' || :"
2026-02-15T07:43:03.7444572Z [command]/usr/bin/git config --local --name-only --get-regexp http\.https\:\/\/github\.com\/\.extraheader
2026-02-15T07:43:03.7477448Z [command]/usr/bin/git submodule foreach --recursive sh -c "git config --local --name-only --get-regexp 'http\.https\:\/\/github\.com\/\.extraheader' && git config --local --unset-all 'http.https://github.com/.extraheader' || :"
2026-02-15T07:43:03.7722024Z [command]/usr/bin/git config --local --name-only --get-regexp ^includeIf\.gitdir:
2026-02-15T07:43:03.7764900Z [command]/usr/bin/git submodule foreach --recursive git config --local --show-origin --name-only --get-regexp remote.origin.url
2026-02-15T07:43:03.8019582Z [command]/usr/bin/git config --local http.https://github.com/.extraheader AUTHORIZATION: basic ***
2026-02-15T07:43:03.8060700Z ##[endgroup]
2026-02-15T07:43:03.8061400Z ##[group]Fetching the repository
2026-02-15T07:43:03.8070632Z [command]/usr/bin/git -c protocol.version=2 fetch --prune --no-recurse-submodules origin +refs/heads/*:refs/remotes/origin/* +refs/tags/*:refs/tags/*
2026-02-15T07:43:04.0522310Z From https://github.com/ruslanshgd/ruslanshgd.github.io
2026-02-15T07:43:04.0523458Z  * [new branch]      main       -> origin/main
2026-02-15T07:43:04.0571018Z [command]/usr/bin/git branch --list --remote origin/main
2026-02-15T07:43:04.0602331Z   origin/main
2026-02-15T07:43:04.0615364Z [command]/usr/bin/git rev-parse refs/remotes/origin/main
2026-02-15T07:43:04.0641015Z f8a3023c2906d9cefeda08103ca032b2f9993d06
2026-02-15T07:43:04.0646951Z ##[endgroup]
2026-02-15T07:43:04.0647817Z ##[group]Determining the checkout info
2026-02-15T07:43:04.0649155Z ##[endgroup]
2026-02-15T07:43:04.0656485Z [command]/usr/bin/git sparse-checkout disable
2026-02-15T07:43:04.0708163Z [command]/usr/bin/git config --local --unset-all extensions.worktreeConfig
2026-02-15T07:43:04.0742786Z ##[group]Checking out the ref
2026-02-15T07:43:04.0750093Z [command]/usr/bin/git checkout --progress --force -B main refs/remotes/origin/main
2026-02-15T07:43:04.0879510Z Switched to a new branch 'main'
2026-02-15T07:43:04.0882096Z branch 'main' set up to track 'origin/main'.
2026-02-15T07:43:04.0890292Z ##[endgroup]
2026-02-15T07:43:04.0890901Z ##[group]Setting up auth for fetching submodules
2026-02-15T07:43:04.0898730Z [command]/usr/bin/git config --global http.https://github.com/.extraheader AUTHORIZATION: basic ***
2026-02-15T07:43:04.0943888Z [command]/usr/bin/git config --global --unset-all url.https://github.com/.insteadOf
2026-02-15T07:43:04.0978884Z [command]/usr/bin/git config --global --add url.https://github.com/.insteadOf git@github.com:
2026-02-15T07:43:04.1017454Z [command]/usr/bin/git config --global --add url.https://github.com/.insteadOf org-17417262@github.com:
2026-02-15T07:43:04.1049110Z ##[endgroup]
2026-02-15T07:43:04.1049667Z ##[group]Fetching submodules
2026-02-15T07:43:04.1056001Z [command]/usr/bin/git submodule sync --recursive
2026-02-15T07:43:04.1331985Z [command]/usr/bin/git -c protocol.version=2 submodule update --init --force --recursive
2026-02-15T07:43:04.1602396Z [command]/usr/bin/git submodule foreach --recursive git config --local gc.auto 0
2026-02-15T07:43:04.1864989Z ##[endgroup]
2026-02-15T07:43:04.1865689Z ##[group]Persisting credentials for submodules
2026-02-15T07:43:04.1873040Z [command]/usr/bin/git submodule foreach --recursive sh -c "git config --local --name-only --get-regexp 'url\.https\:\/\/github\.com\/\.insteadOf' && git config --local --unset-all 'url.https://github.com/.insteadOf' || :"
2026-02-15T07:43:04.2138949Z [command]/usr/bin/git submodule foreach --recursive sh -c "git config --local 'http.https://github.com/.extraheader' 'AUTHORIZATION: basic ***' && git config --local --show-origin --name-only --get-regexp remote.origin.url"
2026-02-15T07:43:04.2409390Z [command]/usr/bin/git submodule foreach --recursive git config --local --add 'url.https://github.com/.insteadOf' 'git@github.com:'
2026-02-15T07:43:04.2681389Z [command]/usr/bin/git submodule foreach --recursive git config --local --add 'url.https://github.com/.insteadOf' 'org-17417262@github.com:'
2026-02-15T07:43:04.2952936Z ##[endgroup]
2026-02-15T07:43:04.2995264Z [command]/usr/bin/git log -1 --format=%H
2026-02-15T07:43:04.3020857Z f8a3023c2906d9cefeda08103ca032b2f9993d06
2026-02-15T07:43:04.3155951Z ##[group]Run actions/configure-pages@v5
2026-02-15T07:43:04.3156244Z with:
2026-02-15T07:43:04.3156533Z   token: ***
2026-02-15T07:43:04.3156711Z   enablement: false
2026-02-15T07:43:04.3156891Z env:
2026-02-15T07:43:04.3157048Z   HUGO_VERSION: 0.155.2
2026-02-15T07:43:04.3157296Z ##[endgroup]
2026-02-15T07:43:04.6481196Z ##[group]Run echo "🔄 Syncing template files from ${TEMPLATE_OWNER}/${TEMPLATE_REPO}..."
2026-02-15T07:43:04.6481944Z [36;1mecho "🔄 Syncing template files from ${TEMPLATE_OWNER}/${TEMPLATE_REPO}..."[0m
2026-02-15T07:43:04.6482335Z [36;1m[0m
2026-02-15T07:43:04.6482953Z [36;1m# Create directories if they don't exist[0m
2026-02-15T07:43:04.6483346Z [36;1mmkdir -p layouts/_default[0m
2026-02-15T07:43:04.6483617Z [36;1mmkdir -p layouts/partials[0m
2026-02-15T07:43:04.6483880Z [36;1mmkdir -p static/css[0m
2026-02-15T07:43:04.6484105Z [36;1m[0m
2026-02-15T07:43:04.6484307Z [36;1m# Base URL for raw GitHub content[0m
2026-02-15T07:43:04.6484786Z [36;1mBASE_URL="https://raw.githubusercontent.com/${TEMPLATE_OWNER}/${TEMPLATE_REPO}/main"[0m
2026-02-15T07:43:04.6485228Z [36;1m[0m
2026-02-15T07:43:04.6485560Z [36;1m# Sync layout files (except site-header.html which is handled via base64 below)[0m
2026-02-15T07:43:04.6486033Z [36;1mecho "📝 Syncing Hugo templates..."[0m
2026-02-15T07:43:04.6486538Z [36;1mcurl -sL "${BASE_URL}/layouts/index.html" -o layouts/index.html || echo "⚠️ Could not fetch layouts/index.html"[0m
2026-02-15T07:43:04.6487394Z [36;1mcurl -sL "${BASE_URL}/layouts/_default/baseof.html" -o layouts/_default/baseof.html || echo "⚠️ Could not fetch layouts/_default/baseof.html"[0m
2026-02-15T07:43:04.6488292Z [36;1mcurl -sL "${BASE_URL}/layouts/partials/head.html" -o layouts/partials/head.html || echo "⚠️ Could not fetch layouts/partials/head.html"[0m
2026-02-15T07:43:04.6489077Z [36;1m# site-header.html is NOT synced via curl - it's handled via base64 below to ensure correct RelPermalink[0m
2026-02-15T07:43:04.6489974Z [36;1mcurl -sL "${BASE_URL}/layouts/partials/career-section.html" -o layouts/partials/career-section.html || echo "⚠️ Could not fetch layouts/partials/career-section.html"[0m
2026-02-15T07:43:04.6491112Z [36;1mcurl -sL "${BASE_URL}/layouts/partials/education-section.html" -o layouts/partials/education-section.html || echo "⚠️ Could not fetch layouts/partials/education-section.html"[0m
2026-02-15T07:43:04.6491829Z [36;1m[0m
2026-02-15T07:43:04.6492009Z [36;1mecho ""[0m
2026-02-15T07:43:04.6492242Z [36;1mecho "📁 Final layouts structure:"[0m
2026-02-15T07:43:04.6492715Z [36;1mfind layouts -type f -name "*.html" | head -20[0m
2026-02-15T07:43:04.6493007Z [36;1m[0m
2026-02-15T07:43:04.6493305Z [36;1m# Base64 encoded templates (to avoid YAML syntax issues with Hugo {{ }})[0m
2026-02-15T07:43:04.6493799Z [36;1m# IMPORTANT: All default values must be in quotes, e.g. default "value"[0m
2026-02-15T07:43:04.6494173Z [36;1m# layouts/index.html[0m
2026-02-15T07:43:04.6641210Z [36;1mINDEX_B64="e3sgZGVmaW5lICJtYWluIiB9fQogIHt7ICRjYXNlc1NlY3Rpb24gOj0gLlNpdGUuR2V0UGFnZSAic2VjdGlvbiIgImNhc2VzIiB9fQogIHt7ICRjYXNlcyA6PSB3aGVyZSAkY2FzZXNTZWN0aW9uLlJlZ3VsYXJQYWdlcyAiUGFyYW1zLnR5cGUiICJjYXNlIiB9fQogIDxkaXYgY2xhc3M9ImhvbWUiPgogICAgPGRpdiBjbGFzcz0iaG9tZS1oZXJvLXdyYXAiPgogICAgPHNlY3Rpb24gY2xhc3M9ImhvbWUtaGVybyBwb3J0Zm9saW8tY29udGVudCI+CiAgICAgIHt7IHdpdGggc2l0ZS5QYXJhbXMuYXV0aG9yX2ltYWdlIH19CiAgICAgIDxkaXYgY2xhc3M9ImhvbWUtaGVyb19faW50cm8taW1hZ2UiPgogICAgICAgIDxpbWcgc3JjPSJ7eyAuIHwgcmVsVVJMIH19IiBhbHQ9Int7IHNpdGUuUGFyYW1zLmF1dGhvcl9uYW1lIHwgZGVmYXVsdCAi0JDQstGC0L7RgCIgfX0iPgogICAgICA8L2Rpdj4KICAgICAge3sgZW5kIH19CiAgICAgIDxkaXYgY2xhc3M9ImhvbWUtaGVyb19fY29udGVudCI+CiAgICAgICAgPGgxIGNsYXNzPSJob21lLWhlcm9fX3RpdGxlIj4KICAgICAgICAgINCf0YDQuNCy0LXRgiwg0Y8ge3sgc2l0ZS5QYXJhbXMuYXV0aG9yX25hbWUgfCBkZWZhdWx0ICLQmNC80Y8iIH19LCB7eyBzaXRlLlBhcmFtcy5hdXRob3JfZ3JhZGUgfCBkZWZhdWx0ICLQv9GA0L7QtNGD0LrRgtC+0LLRi9C5INC00LjQt9Cw0LnQvdC10YAiIH19IDxzcGFuIGNsYXNzPSJob21lLWhlcm9fX2xvY2F0aW9uIj7wn5ONIHt7IHNpdGUuUGFyYW1zLmF1dGhvcl9jaXR5IHwgZGVmYXVsdCAi0JPQvtGA0L7QtCIgfX08L3NwYW4+CiAgICAgICAgPC9oMT4KICAgICAgICB7eyB3aXRoIHNpdGUuUGFyYW1zLmF1dGhvcl9pbnRybyB9fQogICAgICAgIDxkaXYgY2xhc3M9ImhvbWUtaGVyb19faW50cm8tdGV4dCI+CiAgICAgICAgICB7eyAuIHwgc2FmZUhUTUwgfX0KICAgICAgICA8L2Rpdj4KICAgICAgICB7eyBlbmQgfX0KICAgICAgPC9kaXY+CiAgICA8L3NlY3Rpb24+CiAgICA8L2Rpdj4KCiAgICA8c2VjdGlvbiBjbGFzcz0iaG9tZS1jYXNlcyBwb3J0Zm9saW8tY29udGVudCI+CiAgICAgIDx1bCBjbGFzcz0iY2FzZS1jYXJkcyI+CiAgICAgICAge3sgcmFuZ2Ugd2hlcmUgJGNhc2VzICJQYXJhbXMudHlwZSIgImNhc2UiIH19CiAgICAgICAge3sgJHBhZ2UgOj0gLiB9fQogICAgICAgIHt7ICRpbWcgOj0gZmFsc2UgfX0KICAgICAgICB7eyB3aXRoICRwYWdlLlBhcmFtcy5jYXJkX2ltYWdlIH19e3sgJGltZyA9IHBhcnRpYWwgImdldC1pbWFnZS1yZXNvdXJjZS5odG1sIiAoZGljdCAicGFnZSIgJHBhZ2UgInBhdGgiIC4gImNvbnRleHQiICJjYXJkIikgfX17eyBlbmQgfX0KICAgICAgICB7eyBpZiBub3QgJGltZyB9fXt7IHdpdGggJHBhZ2UuUGFyYW1zLmNvdmVyX2ltYWdlIH19e3sgJGltZyA9IHBhcnRpYWwgImdldC1pbWFnZS1yZXNvdXJjZS5odG1sIiAoZGljdCAicGFnZSIgJHBhZ2UgInBhdGgiIC4gImNvbnRleHQiICJjb3ZlciIpIH19e3sgZW5kIH19e3sgZW5kIH19CiAgICAgICAge3sgaWYgbm90ICRpbWcgfX17eyB3aXRoICRwYWdlLlBhcmFtcy5jb3Zlcl9pY29uIH19e3sgJGltZyA9IHBhcnRpYWwgImdldC1pbWFnZS1yZXNvdXJjZS5odG1sIiAoZGljdCAicGFnZSIgJHBhZ2UgInBhdGgiIC4gImNvbnRleHQiICJjb3ZlciIpIH19e3sgZW5kIH19e3sgZW5kIH19CiAgICAgICAge3sgJHBsYXRmb3JtIDo9ICRwYWdlLlBhcmFtcy5wbGF0Zm9ybSB8IGRlZmF1bHQgIndlYiIgfX0KICAgICAgICB7eyAkbGF5b3V0IDo9ICRwYWdlLlBhcmFtcy5sYXlvdXQgfCBkZWZhdWx0ICJjZW50ZXIiIH19CiAgICAgICAge3sgJGltZ1dpZHRoIDo9IDAgfX0KICAgICAgICB7eyBpZiAkaW1nIH19e3sgJGltZ1dpZHRoID0gJGltZy5XaWR0aCB9fXt7IGVuZCB9fQogICAgICAgIDxsaSBjbGFzcz0iY2FzZS1jYXJkIGNhc2UtY2FyZC0te3sgJHBsYXRmb3JtIH19IGNhc2UtY2FyZC0tbGF5b3V0LXt7ICRsYXlvdXQgfX0ie3sgaWYgYW5kICRpbWcgKGxlICRpbWdXaWR0aCA3NjgpIH19IGRhdGEtaW1hZ2Utd2lkdGg9Int7ICRpbWdXaWR0aCB9fSJ7eyBlbmQgfX0+CiAgICAgICAgICA8YSBjbGFzcz0iY2FzZS1jYXJkX19saW5rIiBocmVmPSJ7eyAkcGFnZS5SZWxQZXJtYWxpbmsgfX0iPgogICAgICAgICAgICA8ZGl2IGNsYXNzPSJjYXNlLWNhcmRfX2JvZHkiPgogICAgICAgICAgICAgIHt7IHdpdGggJHBhZ2UuUGFyYW1zLmNvbXBhbnlfbmFtZSB9fTxwIGNsYXNzPSJjYXNlLWNhcmRfX2NvbXBhbnkiPnt7IC4gfX08L3A+e3sgZW5kIH19CiAgICAgICAgICAgICAgPGgyIGNsYXNzPSJjYXNlLWNhcmRfX3RpdGxlIj57eyAkcGFnZS5UaXRsZSB9fTwvaDI+CiAgICAgICAgICAgICAge3sgd2l0aCAkcGFnZS5QYXJhbXMuY292ZXJfc3VidGl0bGUgfX08cCBjbGFzcz0iY2FzZS1jYXJkX19kZXNjIj57eyAuIH19PC9wPnt7IGVuZCB9fQogICAgICAgICAgICA8L2Rpdj4KICAgICAgICAgICAgPGRpdiBjbGFzcz0iY2FzZS1jYXJkX19pbWFnZS13cmFwIj4KICAgICAgICAgICAgICB7eyBpZiAkaW1nIH19CiAgICAgICAgICAgICAgICA8aW1nIGNsYXNzPSJjYXNlLWNhcmRfX2ltYWdlIiBzcmM9Int7ICRpbWcuUmVsUGVybWFsaW5rIH19IiBhbHQ9IiJ7eyBpZiBsZSAkaW1nV2lkdGggNzY4IH19IGRhdGEtbW9iaWxlPSJ0cnVlInt7IGVuZCB9fT4KICAgICAgICAgICAgICB7eyBlbHNlIH19CiAgICAgICAgICAgICAgICA8ZGl2IGNsYXNzPSJjYXNlLWNhcmRfX2ltYWdlIGNhc2UtY2FyZF9faW1hZ2UtLXBsYWNlaG9sZGVyIiBhcmlhLWhpZGRlbj0idHJ1ZSI+PC9kaXY+CiAgICAgICAgICAgICAge3sgZW5kIH19CiAgICAgICAgICAgIDwvZGl2PgogICAgICAgICAgPC9hPgogICAgICAgIDwvbGk+CiAgICAgICAge3sgZW5kIH19CiAgICAgIDwvdWw+CiAgICA8L3NlY3Rpb24+CgogICAge3sgcGFydGlhbCAiY2FyZWVyLXNlY3Rpb24uaHRtbCIgLiB9fQogICAge3sgcGFydGlhbCAiZWR1Y2F0aW9uLXNlY3Rpb24uaHRtbCIgLiB9fQogIDwvZGl2Pgp7eyBlbmQgfX0K"[0m
2026-02-15T07:43:04.6795521Z [36;1m[0m
2026-02-15T07:43:04.6795753Z [36;1m# layouts/_default/baseof.html[0m
2026-02-15T07:43:04.6807056Z [36;1mBASEOF_B64="PCFET0NUWVBFIGh0bWw+CjxodG1sIGxhbmc9Int7IHNpdGUuTGFuZ3VhZ2UuTGFuZyB9fSI+CiAgPGhlYWQ+CiAgICB7eyBwYXJ0aWFsICJoZWFkLmh0bWwiIC4gfX0KICA8L2hlYWQ+CiAgPGJvZHk+CiAgICA8ZGl2IGNsYXNzPSJwb3J0Zm9saW8tY29udGFpbmVyIj4KICAgICAgPGhlYWRlciBjbGFzcz0ic2l0ZS1oZWFkZXIgcG9ydGZvbGlvLWNvbnRlbnQiPgogICAgICAgIHt7IHBhcnRpYWwgInNpdGUtaGVhZGVyLmh0bWwiIC4gfX0KICAgICAgPC9oZWFkZXI+CiAgICAgIDxtYWluIGNsYXNzPSJwb3J0Zm9saW8tY29udGVudCI+CiAgICAgICAge3sgYmxvY2sgIm1haW4iIC4gfX17eyBlbmQgfX0KICAgICAgPC9tYWluPgogICAgICA8Zm9vdGVyIGNsYXNzPSJzaXRlLWZvb3RlciBwb3J0Zm9saW8tY29udGVudCI+CiAgICAgICAge3sgcGFydGlhbCAic2l0ZS1oZWFkZXIuaHRtbCIgLiB9fQogICAgICA8L2Zvb3Rlcj4KICAgIDwvZGl2PgogIDwvYm9keT4KPC9odG1sPgo="[0m
2026-02-15T07:43:04.6818228Z [36;1m[0m
2026-02-15T07:43:04.6818492Z [36;1m# layouts/partials/head.html[0m
2026-02-15T07:43:04.6829155Z [36;1mHEAD_B64="PG1ldGEgY2hhcnNldD0idXRmLTgiPgo8bWV0YSBuYW1lPSJ2aWV3cG9ydCIgY29udGVudD0id2lkdGg9ZGV2aWNlLXdpZHRoLCBpbml0aWFsLXNjYWxlPTEiPgo8dGl0bGU+e3sgaWYgLklzSG9tZSB9fXt7IHNpdGUuUGFyYW1zLmF1dGhvcl9uYW1lIH19e3sgd2l0aCBzaXRlLlBhcmFtcy5hdXRob3Jfc3VybmFtZSB9fSB7eyAuIH19e3sgZW5kIH19e3sgd2l0aCBzaXRlLlBhcmFtcy5hdXRob3JfZ3JhZGUgfX0g4oCTIHt7IC4gfX17eyBlbmQgfX17eyBlbHNlIH19e3sgLlRpdGxlIH19IHwge3sgc2l0ZS5QYXJhbXMuYXV0aG9yX25hbWUgfX17eyB3aXRoIHNpdGUuUGFyYW1zLmF1dGhvcl9zdXJuYW1lIH19IHt7IC4gfX17eyBlbmQgfX17eyB3aXRoIHNpdGUuUGFyYW1zLmF1dGhvcl9ncmFkZSB9fSDigJMge3sgLiB9fXt7IGVuZCB9fXt7IGVuZCB9fTwvdGl0bGU+CjxsaW5rIHJlbD0ic3R5bGVzaGVldCIgaHJlZj0ie3sgImNzcy9tYWluLmNzcyIgfCByZWxVUkwgfX0iPgo="[0m
2026-02-15T07:43:04.6839941Z [36;1m[0m
2026-02-15T07:43:04.6840302Z [36;1m# layouts/partials/site-header.html[0m
2026-02-15T07:43:04.6862854Z [36;1mSITEHEADER_B64="PGEgaHJlZj0ie3sgLlNpdGUuSG9tZS5SZWxQZXJtYWxpbmsgfX0iIGNsYXNzPSJzaXRlLWhlYWRlcl9fbmFtZSI+e3sgc2l0ZS5QYXJhbXMuYXV0aG9yX25hbWUgfCBkZWZhdWx0IHNpdGUuVGl0bGUgfX08L2E+CjxuYXYgY2xhc3M9InNpdGUtaGVhZGVyX19uYXYiPgogIHt7IHdpdGggc2l0ZS5QYXJhbXMuYXV0aG9yX2VtYWlsIH19PGEgaHJlZj0ibWFpbHRvOnt7IC4gfX0iPtCf0L7Rh9GC0LA8L2E+e3sgZW5kIH19CiAge3sgd2l0aCBzaXRlLlBhcmFtcy5hdXRob3JfdGVsZWdyYW0gfX08YSBocmVmPSJ7eyAuIH19IiB0YXJnZXQ9Il9ibGFuayIgcmVsPSJub29wZW5lciI+VGVsZWdyYW08L2E+e3sgZW5kIH19CiAge3sgd2l0aCBzaXRlLlBhcmFtcy5hdXRob3JfbGlua2VkaW4gfX08YSBocmVmPSJ7eyAuIH19IiB0YXJnZXQ9Il9ibGFuayIgcmVsPSJub29wZW5lciI+TGluZ2VkSW48L2E+e3sgZW5kIH19CiAge3sgd2l0aCBzaXRlLlBhcmFtcy5hdXRob3JfYmVoYW5jZSB9fTxhIGhyZWY9Int7IC4gfX0iIHRhcmdldD0iX2JsYW5rIiByZWw9Im5vb3BlbmVyIj5CZWhhbmNlPC9hPnt7IGVuZCB9fQogIHt7IHdpdGggc2l0ZS5QYXJhbXMuYXV0aG9yX2RyaWJiYmxlIH19PGEgaHJlZj0ie3sgLiB9fSIgdGFyZ2V0PSJfYmxhbmsiIHJlbD0ibm9vcGVuZXIiPkRyaWJiYmxlPC9hPnt7IGVuZCB9fQogIHt7IHdpdGggc2l0ZS5QYXJhbXMuYXV0aG9yX2N2IH19PGEgaHJlZj0ie3sgLiB9fSIgdGFyZ2V0PSJfYmxhbmsiIHJlbD0ibm9vcGVuZXIiPkNWPC9hPnt7IGVuZCB9fQo8L25hdj4K"[0m
2026-02-15T07:43:04.6886383Z [36;1m[0m
2026-02-15T07:43:04.6886746Z [36;1m# layouts/partials/career-section.html[0m
2026-02-15T07:43:04.7001689Z [36;1mCAREER_B64="e3svKiAKICBDYXJlZXIgc2VjdGlvbi4KCiAgU3VwcG9ydHMgdHdvIGRhdGEgc291cmNlczoKICAxKSBwYXJhbXMuY2FyZWVyLml0ZW1zIOKAkyDQt9Cw0L/QvtC70L3Rj9C10YLRgdGPIFRlbGVncmFt4oCR0LHQvtGC0L7QvCDRh9C10YDQtdC3IGh1Z28udG9tbAogIDIpINCU0L7QutGD0LzQtdC90YLRiyDQuNC3INGA0LDQt9C00LXQu9CwIC9jb250ZW50L2NhcmVlciDigJMg0LrQsNC6INGA0LDQvdGM0YjQtQoqL319Cnt7ICRjYXJlZXJTZWN0aW9uIDo9IC5TaXRlLkdldFBhZ2UgInNlY3Rpb24iICJjYXJlZXIiIH19Cnt7ICRlbnRyaWVzIDo9IGNvbmQgKG5lICRjYXJlZXJTZWN0aW9uIG5pbCkgJGNhcmVlclNlY3Rpb24uUmVndWxhclBhZ2VzLkJ5V2VpZ2h0IHNsaWNlIH19Cnt7ICRjYXJlZXJQYXJhbXMgOj0gc2l0ZS5QYXJhbXMuY2FyZWVyIH19Cnt7ICRjYXJlZXJJdGVtcyA6PSBjb25kIChhbmQgKG5lICRjYXJlZXJQYXJhbXMgbmlsKSAoaXNzZXQgJGNhcmVlclBhcmFtcyAiaXRlbXMiKSkgJGNhcmVlclBhcmFtcy5pdGVtcyBzbGljZSB9fQoKe3sgaWYgb3IgKGd0IChsZW4gJGVudHJpZXMpIDApIChndCAobGVuICRjYXJlZXJJdGVtcykgMCkgfX0KPGRpdiBjbGFzcz0iY2FyZWVyLXdyYXAiPgogIDxzZWN0aW9uIGNsYXNzPSJjYXJlZXIgcG9ydGZvbGlvLWNvbnRlbnQiIGFyaWEtbGFiZWxsZWRieT0iY2FyZWVyLWhlYWRpbmciPgogICAgPGgyIGNsYXNzPSJjYXJlZXJfX3RpdGxlIiBpZD0iY2FyZWVyLWhlYWRpbmciPtCa0LDRgNGM0LXRgNCwPC9oMj4KCiAgICB7ey8qIDEuIFJlbmRlciBpdGVtcyBmcm9tIHBhcmFtcy5jYXJlZXIuaXRlbXMsINC10YHQu9C4INC+0L3QuCDQtdGB0YLRjCAqL319CiAgICB7eyBpZiBndCAobGVuICRjYXJlZXJJdGVtcykgMCB9fQogICAgICB7eyByYW5nZSAkY2FyZWVySXRlbXMgfX0KICAgICAgPGFydGljbGUgY2xhc3M9ImNhcmVlci1pdGVtIj4KICAgICAgICA8ZGl2IGNsYXNzPSJjYXJlZXItaXRlbV9fbGVmdCI+CiAgICAgICAgICA8cCBjbGFzcz0iY2FyZWVyLWl0ZW1fX2NvbXBhbnkiPnt7IC5jb21wYW55IH19PC9wPgogICAgICAgICAge3sgd2l0aCAucm9sZSB9fTxwIGNsYXNzPSJjYXJlZXItaXRlbV9fcG9zaXRpb24iPnt7IC4gfX08L3A+e3sgZW5kIH19CiAgICAgICAgICA8cCBjbGFzcz0iY2FyZWVyLWl0ZW1fX2RhdGVzIj4KICAgICAgICAgICAge3stIHdpdGggLnN0YXJ0IH19e3sgLiB9fXt7IGVuZCAtfX0KICAgICAgICAgICAge3stIGlmIG9yIC5zdGFydCAuZW5kIH19ICZtZGFzaDsge3sgZW5kIC19fQogICAgICAgICAgICB7ey0gd2l0aCAuZW5kIH19e3sgLiB9fXt7IGVuZCAtfX0KICAgICAgICAgIDwvcD4KICAgICAgICAgIHt7IHdpdGggLmxvY2F0aW9uIH19PHAgY2xhc3M9ImNhcmVlci1pdGVtX19sb2NhdGlvbiI+e3sgLiB9fTwvcD57eyBlbmQgfX0KICAgICAgICA8L2Rpdj4KICAgICAgICA8ZGl2IGNsYXNzPSJjYXJlZXItaXRlbV9fcmlnaHQiPgogICAgICAgICAgPGRpdiBjbGFzcz0iY2FyZWVyLWl0ZW1fX2NvbnRlbnQgcHJvc2UiPgogICAgICAgICAgICB7eyAuZGVzY3JpcHRpb24gfCBtYXJrZG93bmlmeSB9fQogICAgICAgICAgPC9kaXY+CiAgICAgICAgPC9kaXY+CiAgICAgIDwvYXJ0aWNsZT4KICAgICAge3sgZW5kIH19CiAgICB7eyBlbHNlIGlmIGd0IChsZW4gJGVudHJpZXMpIDAgfX0KICAgIHt7LyogMi4gRmFsbGJhY2sgdG8gbGVnYWN5IC9jb250ZW50L2NhcmVlciBlbnRyaWVzICovfX0KICAgICAge3sgcmFuZ2UgJGVudHJpZXMgfX0KICAgICAgPGFydGljbGUgY2xhc3M9ImNhcmVlci1pdGVtIj4KICAgICAgICA8ZGl2IGNsYXNzPSJjYXJlZXItaXRlbV9fbGVmdCI+CiAgICAgICAgICB7eyB3aXRoIC5QYXJhbXMubG9nbyB9fQogICAgICAgICAgPGRpdiBjbGFzcz0iY2FyZWVyLWl0ZW1fX2xvZ28iPgogICAgICAgICAgICA8aW1nIHNyYz0ie3sgLiB8IHJlbFVSTCB9fSIgYWx0PSIiIHdpZHRoPSI0OCIgaGVpZ2h0PSI0OCI+CiAgICAgICAgICA8L2Rpdj4KICAgICAgICAgIHt7IGVuZCB9fQogICAgICAgICAgPHAgY2xhc3M9ImNhcmVlci1pdGVtX19jb21wYW55Ij57eyAuVGl0bGUgfX08L3A+CiAgICAgICAgICB7eyB3aXRoIC5QYXJhbXMucG9zaXRpb24gfX08cCBjbGFzcz0iY2FyZWVyLWl0ZW1fX3Bvc2l0aW9uIj57eyAuIH19PC9wPnt7IGVuZCB9fQogICAgICAgICAge3sgd2l0aCAuUGFyYW1zLmRhdGVzIH19PHAgY2xhc3M9ImNhcmVlci1pdGVtX19kYXRlcyI+e3sgLiB9fTwvcD57eyBlbmQgfX0KICAgICAgICA8L2Rpdj4KICAgICAgICA8ZGl2IGNsYXNzPSJjYXJlZXItaXRlbV9fcmlnaHQiPgogICAgICAgICAgPGRpdiBjbGFzcz0iY2FyZWVyLWl0ZW1fX2NvbnRlbnQgcHJvc2UiPgogICAgICAgICAgICB7eyAuQ29udGVudCB9fQogICAgICAgICAgPC9kaXY+CiAgICAgICAgPC9kaXY+CiAgICAgIDwvYXJ0aWNsZT4KICAgICAge3sgZW5kIH19CiAgICB7eyBlbmQgfX0KICA8L3NlY3Rpb24+CjwvZGl2Pgp7eyBlbmQgfX0K"[0m
2026-02-15T07:43:04.7104953Z [36;1m[0m
2026-02-15T07:43:04.7105207Z [36;1m# layouts/partials/education-section.html[0m
2026-02-15T07:43:04.7170910Z [36;1mEDUCATION_B64="e3sgd2l0aCBzaXRlLlBhcmFtcy5lZHVjYXRpb24gfX0KICB7eyAkaGFzQ291cnNlcyA6PSBndCAobGVuIC5jb3Vyc2VzKSAwIH19CiAge3sgJGhhc1VuaXZlcnNpdGllcyA6PSBndCAobGVuIC51bml2ZXJzaXRpZXMpIDAgfX0KICB7eyBpZiBvciAkaGFzQ291cnNlcyAkaGFzVW5pdmVyc2l0aWVzIH19CjxkaXYgY2xhc3M9ImVkdWNhdGlvbi13cmFwIj4KICA8c2VjdGlvbiBjbGFzcz0iZWR1Y2F0aW9uIHBvcnRmb2xpby1jb250ZW50IiBhcmlhLWxhYmVsbGVkYnk9ImVkdWNhdGlvbi1oZWFkaW5nIj4KICAgIDxoMiBjbGFzcz0iZWR1Y2F0aW9uX190aXRsZSIgaWQ9ImVkdWNhdGlvbi1oZWFkaW5nIj7QntCx0YDQsNC30L7QstCw0L3QuNC1PC9oMj4KCiAgICB7eyBpZiAkaGFzQ291cnNlcyB9fQogICAgPGRpdiBjbGFzcz0iZWR1Y2F0aW9uX19ibG9jayBlZHVjYXRpb25fX2Jsb2NrLS1jb3Vyc2VzIj4KICAgICAgPGgzIGNsYXNzPSJlZHVjYXRpb25fX3N1YnRpdGxlIj7QmtGD0YDRgdGLPC9oMz4KICAgICAgPHVsIGNsYXNzPSJlZHVjYXRpb24tbGlzdCBlZHVjYXRpb24tbGlzdC0tY291cnNlcyI+CiAgICAgICAge3sgcmFuZ2UgLmNvdXJzZXMgfX0KICAgICAgICA8bGkgY2xhc3M9ImVkdWNhdGlvbi1saXN0X19pdGVtIj4KICAgICAgICAgIDxwPgogICAgICAgICAgICB7eyBpZiAudXJsIH19CiAgICAgICAgICAgICAgPGEgaHJlZj0ie3sgLnVybCB9fSIgY2xhc3M9ImVkdWNhdGlvbi1saXN0X19saW5rIiB0YXJnZXQ9Il9ibGFuayIgcmVsPSJub29wZW5lciBub3JlZmVycmVyIj57eyAudGl0bGUgfX08L2E+CiAgICAgICAgICAgIHt7IGVsc2UgfX0KICAgICAgICAgICAgICB7eyAudGl0bGUgfX0KICAgICAgICAgICAge3sgZW5kIH19CiAgICAgICAgICAgIHt7IHdpdGggLnByb3ZpZGVyIH19IHt7IC4gfX17eyBlbmQgfX0KICAgICAgICAgICAge3sgaWYgb3IgLnllYXIgLnN0YXR1cyB9fSAmbmRhc2g7IHt7IGlmIC5zdGF0dXMgfX17eyAuc3RhdHVzIH19e3sgZWxzZSB9fXt7IC55ZWFyIH19INCz0L7QtHt7IGVuZCB9fXt7IGVuZCB9fQogICAgICAgICAgICB7eyB3aXRoIC5jZXJ0aWZpY2F0ZSB9fSAmbWRhc2g7IDxhIGhyZWY9Int7IC4gfX0iIGNsYXNzPSJlZHVjYXRpb24tbGlzdF9fY2VydGlmaWNhdGUiIHRhcmdldD0iX2JsYW5rIiByZWw9Im5vb3BlbmVyIG5vcmVmZXJyZXIiPtGB0LXRgNGC0LjRhNC40LrQsNGCPC9hPnt7IGVuZCB9fQogICAgICAgICAgPC9wPgogICAgICAgIDwvbGk+CiAgICAgICAge3sgZW5kIH19CiAgICAgIDwvdWw+CiAgICA8L2Rpdj4KICAgIHt7IGVuZCB9fQoKICAgIHt7IGlmICRoYXNVbml2ZXJzaXRpZXMgfX0KICAgIDxkaXYgY2xhc3M9ImVkdWNhdGlvbl9fYmxvY2sgZWR1Y2F0aW9uX19ibG9jay0tdW5pdmVyc2l0aWVzIj4KICAgICAgPGgzIGNsYXNzPSJlZHVjYXRpb25fX3N1YnRpdGxlIj7Qo9C90LjQstC10YDRgdC40YLQtdGCPC9oMz4KICAgICAgPHVsIGNsYXNzPSJlZHVjYXRpb24tbGlzdCBlZHVjYXRpb24tbGlzdC0tdW5pdmVyc2l0aWVzIj4KICAgICAgICB7eyByYW5nZSAudW5pdmVyc2l0aWVzIH19CiAgICAgICAgPGxpIGNsYXNzPSJlZHVjYXRpb24tbGlzdF9faXRlbSI+CiAgICAgICAgICA8cD4KICAgICAgICAgICAgPGVtPnt7IC5uYW1lIH19IHt7IC55ZWFyIH19INCz0L7QtDwvZW0+CiAgICAgICAgICA8L3A+CiAgICAgICAgICA8cD4KICAgICAgICAgICAge3sgLnNwZWNpYWxpdHkgfX17eyB3aXRoIC5kZWdyZWUgfX0sIHt7IC4gfX17eyBlbmQgfX17eyB3aXRoIC5ub3RlIH19ICZuZGFzaDsge3sgLiB9fXt7IGVuZCB9fQogICAgICAgICAgPC9wPgogICAgICAgIDwvbGk+CiAgICAgICAge3sgZW5kIH19CiAgICAgIDwvdWw+CiAgICA8L2Rpdj4KICAgIHt7IGVuZCB9fQogIDwvc2VjdGlvbj4KPC9kaXY+CiAge3sgZW5kIH19Cnt7IGVuZCB9fQoK"[0m
2026-02-15T07:43:04.7237173Z [36;1m[0m
2026-02-15T07:43:04.7237541Z [36;1m# Overwrite index, baseof, site-header, education from base64 (fallback if curl failed)[0m
2026-02-15T07:43:04.7238179Z [36;1m# head.html and career-section.html НЕ перезаписываем — используем версии из template (curl выше),[0m
2026-02-15T07:43:04.7238749Z [36;1m# чтобы на сайте были favicon и логотипы карьеры из актуального шаблона.[0m
2026-02-15T07:43:04.7239348Z [36;1mecho "📝 Ensuring Hugo templates are up-to-date..."[0m
2026-02-15T07:43:04.7239726Z [36;1mecho "$INDEX_B64" | base64 -d > layouts/index.html[0m
2026-02-15T07:43:04.7240234Z [36;1mecho "✅ Updated layouts/index.html"[0m
2026-02-15T07:43:04.7240503Z [36;1m[0m
2026-02-15T07:43:04.7240768Z [36;1mecho "$BASEOF_B64" | base64 -d > layouts/_default/baseof.html[0m
2026-02-15T07:43:04.7241168Z [36;1mecho "✅ Updated layouts/_default/baseof.html"[0m
2026-02-15T07:43:04.7241450Z [36;1m[0m
2026-02-15T07:43:04.7241748Z [36;1mecho "$SITEHEADER_B64" | base64 -d > layouts/partials/site-header.html[0m
2026-02-15T07:43:04.7242188Z [36;1mecho "✅ Updated layouts/partials/site-header.html"[0m
2026-02-15T07:43:04.7242712Z [36;1m[0m
2026-02-15T07:43:04.7243083Z [36;1mecho "$EDUCATION_B64" | base64 -d > layouts/partials/education-section.html[0m
2026-02-15T07:43:04.7243719Z [36;1mecho "✅ Updated layouts/partials/education-section.html"[0m
2026-02-15T07:43:04.7244239Z [36;1m# head.html и career-section.html уже загружены из template (curl выше) — не перезаписываем[0m
2026-02-15T07:43:04.7244644Z [36;1m[0m
2026-02-15T07:43:04.7244818Z [36;1mecho ""[0m
2026-02-15T07:43:04.7245044Z [36;1mecho "📁 Final layouts structure:"[0m
2026-02-15T07:43:04.7245371Z [36;1mfind layouts -type f -name "*.html" | head -20[0m
2026-02-15T07:43:04.7297825Z shell: /usr/bin/bash --noprofile --norc -e -o pipefail {0}
2026-02-15T07:43:04.7298152Z env:
2026-02-15T07:43:04.7298341Z   HUGO_VERSION: 0.155.2
2026-02-15T07:43:04.7298552Z   GITHUB_PAGES: true
2026-02-15T07:43:04.7298782Z   TEMPLATE_OWNER: ruslanshgd
2026-02-15T07:43:04.7299052Z   TEMPLATE_REPO: iziPortfolio-template
2026-02-15T07:43:04.7299307Z ##[endgroup]
2026-02-15T07:43:04.7393501Z 🔄 Syncing template files from ruslanshgd/iziPortfolio-template...
2026-02-15T07:43:04.7421277Z 📝 Syncing Hugo templates...
2026-02-15T07:43:05.1547882Z 
2026-02-15T07:43:05.1548638Z 📁 Final layouts structure:
2026-02-15T07:43:05.1568374Z layouts/index.html
2026-02-15T07:43:05.1568827Z layouts/_default/baseof.html
2026-02-15T07:43:05.1569257Z layouts/_default/list.html
2026-02-15T07:43:05.1569646Z layouts/_default/single.html
2026-02-15T07:43:05.1570056Z layouts/case/single.html
2026-02-15T07:43:05.1570464Z layouts/partials/education-section.html
2026-02-15T07:43:05.1570903Z layouts/partials/head.html
2026-02-15T07:43:05.1571320Z layouts/partials/get-image-resource.html
2026-02-15T07:43:05.1571781Z layouts/partials/site-header.html
2026-02-15T07:43:05.1572206Z layouts/partials/career-section.html
2026-02-15T07:43:05.1572894Z layouts/partials/case/research.html
2026-02-15T07:43:05.1573456Z layouts/partials/case/results.html
2026-02-15T07:43:05.1573898Z layouts/partials/case/layout-blocks.html
2026-02-15T07:43:05.1574346Z layouts/partials/case/cover.html
2026-02-15T07:43:05.1574800Z layouts/partials/case/problems.html
2026-02-15T07:43:05.1575221Z layouts/partials/case/audience.html
2026-02-15T07:43:05.1575637Z layouts/partials/case/process.html
2026-02-15T07:43:05.1576053Z layouts/partials/case/role.html
2026-02-15T07:43:05.1576459Z layouts/partials/case/company.html
2026-02-15T07:43:05.1576861Z layouts/partials/case/context.html
2026-02-15T07:43:05.1578888Z 📝 Ensuring Hugo templates are up-to-date...
2026-02-15T07:43:05.1604189Z ✅ Updated layouts/index.html
2026-02-15T07:43:05.1620761Z ✅ Updated layouts/_default/baseof.html
2026-02-15T07:43:05.1637953Z ✅ Updated layouts/partials/site-header.html
2026-02-15T07:43:05.1654888Z ✅ Updated layouts/partials/education-section.html
2026-02-15T07:43:05.1655299Z 
2026-02-15T07:43:05.1655561Z 📁 Final layouts structure:
2026-02-15T07:43:05.1671829Z layouts/index.html
2026-02-15T07:43:05.1672256Z layouts/_default/baseof.html
2026-02-15T07:43:05.1672889Z layouts/_default/list.html
2026-02-15T07:43:05.1673318Z layouts/_default/single.html
2026-02-15T07:43:05.1673722Z layouts/case/single.html
2026-02-15T07:43:05.1674122Z layouts/partials/education-section.html
2026-02-15T07:43:05.1674579Z layouts/partials/head.html
2026-02-15T07:43:05.1675341Z layouts/partials/get-image-resource.html
2026-02-15T07:43:05.1675860Z layouts/partials/site-header.html
2026-02-15T07:43:05.1676533Z layouts/partials/career-section.html
2026-02-15T07:43:05.1677013Z layouts/partials/case/research.html
2026-02-15T07:43:05.1677322Z layouts/partials/case/results.html
2026-02-15T07:43:05.1677594Z layouts/partials/case/layout-blocks.html
2026-02-15T07:43:05.1677875Z layouts/partials/case/cover.html
2026-02-15T07:43:05.1678134Z layouts/partials/case/problems.html
2026-02-15T07:43:05.1678401Z layouts/partials/case/audience.html
2026-02-15T07:43:05.1678670Z layouts/partials/case/process.html
2026-02-15T07:43:05.1678924Z layouts/partials/case/role.html
2026-02-15T07:43:05.1679164Z layouts/partials/case/company.html
2026-02-15T07:43:05.1679413Z layouts/partials/case/context.html
2026-02-15T07:43:05.1706225Z ##[group]Run echo "📝 Syncing CSS from template repository..."
2026-02-15T07:43:05.1706714Z [36;1mecho "📝 Syncing CSS from template repository..."[0m
2026-02-15T07:43:05.1707235Z [36;1mBASE_URL="https://raw.githubusercontent.com/${TEMPLATE_OWNER}/${TEMPLATE_REPO}/main"[0m
2026-02-15T07:43:05.1707924Z [36;1mcurl -sL "${BASE_URL}/static/css/main.css" -o static/css/main.css || echo "⚠️ Could not fetch CSS from template"[0m
2026-02-15T07:43:05.1708438Z [36;1mecho "✅ CSS synced"[0m
2026-02-15T07:43:05.1756837Z shell: /usr/bin/bash --noprofile --norc -e -o pipefail {0}
2026-02-15T07:43:05.1757185Z env:
2026-02-15T07:43:05.1757366Z   HUGO_VERSION: 0.155.2
2026-02-15T07:43:05.1757583Z   GITHUB_PAGES: true
2026-02-15T07:43:05.1757797Z   TEMPLATE_OWNER: ruslanshgd
2026-02-15T07:43:05.1758052Z   TEMPLATE_REPO: iziPortfolio-template
2026-02-15T07:43:05.1758310Z ##[endgroup]
2026-02-15T07:43:05.1825476Z 📝 Syncing CSS from template repository...
2026-02-15T07:43:05.2649291Z ✅ CSS synced
2026-02-15T07:43:05.2678717Z ##[group]Run hugo \
2026-02-15T07:43:05.2678985Z [36;1mhugo \[0m
2026-02-15T07:43:05.2679166Z [36;1m  --gc \[0m
2026-02-15T07:43:05.2679351Z [36;1m  --minify \[0m
2026-02-15T07:43:05.2679607Z [36;1m  --baseURL "https://ruslanshgd.github.io/"[0m
2026-02-15T07:43:05.2727811Z shell: /usr/bin/bash --noprofile --norc -e -o pipefail {0}
2026-02-15T07:43:05.2728141Z env:
2026-02-15T07:43:05.2728301Z   HUGO_VERSION: 0.155.2
2026-02-15T07:43:05.2728498Z   GITHUB_PAGES: true
2026-02-15T07:43:05.2728704Z   HUGO_ENVIRONMENT: production
2026-02-15T07:43:05.2728930Z   HUGO_ENV: production
2026-02-15T07:43:05.2729125Z ##[endgroup]
2026-02-15T07:43:05.3076498Z Start building sites … 
2026-02-15T07:43:05.3077291Z hugo v0.155.2-d8c0dfccf72ab43db2b2bca1483a61c8660021d9+extended linux/amd64 BuildDate=2026-02-02T10:04:51Z VendorInfo=gohugoio
2026-02-15T07:43:05.3077997Z 
2026-02-15T07:43:05.3177876Z ERROR error building site: "/home/runner/work/ruslanshgd.github.io/ruslanshgd.github.io/layouts/partials/case/layout-blocks.html:114:1": parse of template failed: template: _partials/case/layout-blocks.html:114: unexpected EOF
2026-02-15T07:43:05.3179064Z Total in 11 ms
2026-02-15T07:43:05.3209557Z ##[error]Process completed with exit code 1.
2026-02-15T07:43:05.3303089Z Post job cleanup.
2026-02-15T07:43:05.4293584Z [command]/usr/bin/git version
2026-02-15T07:43:05.4331885Z git version 2.52.0
2026-02-15T07:43:05.4378523Z Temporarily overriding HOME='/home/runner/work/_temp/8ee93273-7dab-430a-9d04-d8b4fae92e7a' before making global git config changes
2026-02-15T07:43:05.4379814Z Adding repository directory to the temporary git global config as a safe directory
2026-02-15T07:43:05.4385857Z [command]/usr/bin/git config --global --add safe.directory /home/runner/work/ruslanshgd.github.io/ruslanshgd.github.io
2026-02-15T07:43:05.4426277Z [command]/usr/bin/git config --local --name-only --get-regexp core\.sshCommand
2026-02-15T07:43:05.4461865Z [command]/usr/bin/git submodule foreach --recursive sh -c "git config --local --name-only --get-regexp 'core\.sshCommand' && git config --local --unset-all 'core.sshCommand' || :"
2026-02-15T07:43:05.4708923Z [command]/usr/bin/git config --local --name-only --get-regexp http\.https\:\/\/github\.com\/\.extraheader
2026-02-15T07:43:05.4732630Z http.https://github.com/.extraheader
2026-02-15T07:43:05.4745688Z [command]/usr/bin/git config --local --unset-all http.https://github.com/.extraheader
2026-02-15T07:43:05.4782382Z [command]/usr/bin/git submodule foreach --recursive sh -c "git config --local --name-only --get-regexp 'http\.https\:\/\/github\.com\/\.extraheader' && git config --local --unset-all 'http.https://github.com/.extraheader' || :"
2026-02-15T07:43:05.5029160Z [command]/usr/bin/git config --local --name-only --get-regexp ^includeIf\.gitdir:
2026-02-15T07:43:05.5062960Z [command]/usr/bin/git submodule foreach --recursive git config --local --show-origin --name-only --get-regexp remote.origin.url
2026-02-15T07:43:05.5416925Z Cleaning up orphan processes
